[    0.000000] BIOS-e820: [mem 0x00000000bd7ce000-0x00000000bd810fff] ACPI NVS
[    0.000000] BIOS-e820: [mem 0x00000000bd811000-0x00000000bdc46fff] usable
[    0.000000] BIOS-e820: [mem 0x00000000bdc47000-0x00000000bdff3fff] reserved
[    0.000000] BIOS-e820: [mem 0x00000000bdff4000-0x00000000bdffffff] usable
[    0.000000] BIOS-e820: [mem 0x00000000bf000000-0x00000000cf1fffff] reserved
[    0.000000] BIOS-e820: [mem 0x00000000f8000000-0x00000000fbffffff] reserved
[    0.000000] BIOS-e820: [mem 0x00000000fec00000-0x00000000fec00fff] reserved
[    0.000000] BIOS-e820: [mem 0x00000000fed00000-0x00000000fed03fff] reserved
[    0.000000] BIOS-e820: [mem 0x00000000fed1c000-0x00000000fed1ffff] reserved
[    0.000000] BIOS-e820: [mem 0x00000000fee00000-0x00000000fee00fff] reserved
[    0.000000] BIOS-e820: [mem 0x00000000ff000000-0x00000000ffffffff] reserved
[    0.000000] BIOS-e820: [mem 0x0000000100000000-0x000000042fdfffff] usable
[    0.000000] NX (Execute Disable) protection: active
[    0.000000] e820: update [mem 0xa45e6018-0xa4605e57] usable ==> usable
[    0.000000] e820: update [mem 0xa45e6018-0xa4605e57] usable ==> usable
[    0.000000] e820: update [mem 0xa45d5018-0xa45e5057] usable ==> usable
[    0.000000] e820: update [mem 0xa45d5018-0xa45e5057] usable ==> usable
[    0.000000] e820: update [mem 0xa45c5018-0xa45d4857] usable ==> usable
[    0.000000] e820: update [mem 0xa45c5018-0xa45d4857] usable ==> usable
[    0.000000] extended physical RAM map:
[    0.000000] reserve setup_data: [mem 0x0000000000000000-0x000000000009efff] usable
[    0.000000] reserve setup_data: [mem 0x000000000009f000-0x000000000009ffff] reserved
[    0.000000] reserve setup_data: [mem 0x0000000000100000-0x000000001fffffff] usable
[    0.000000] reserve setup_data: [mem 0x0000000020000000-0x00000000201fffff] reserved
[    0.000000] reserve setup_data: [mem 0x0000000020200000-0x0000000040003fff] usable
[    0.000000] reserve setup_data: [mem 0x0000000040004000-0x0000000040004fff] reserved
[    0.000000] reserve setup_data: [mem 0x0000000040005000-0x00000000a45c5017] usable
[    0.000000] reserve setup_data: [mem 0x00000000a45c5018-0x00000000a45d4857] usable
[    0.000000] reserve setup_data: [mem 0x00000000a45d4858-0x00000000a45d5017] usable
[    0.000000] reserve setup_data: [mem 0x00000000a45d5018-0x00000000a45e5057] usable
[    0.000000] reserve setup_data: [mem 0x00000000a45e5058-0x00000000a45e6017] usable
[    0.000000] reserve setup_data: [mem 0x00000000a45e6018-0x00000000a4605e57] usable
[    0.000000] reserve setup_data: [mem 0x00000000a4605e58-0x00000000bc1bcfff] usable
[    0.000000] reserve setup_data: [mem 0x00000000bc1bd000-0x00000000bc796fff] reserved
[    0.000000] reserve setup_data: [mem 0x00000000bc797000-0x00000000bc7aafff] ACPI data
[    0.000000] reserve setup_data: [mem 0x00000000bc7ab000-0x00000000bc8d4fff] ACPI NVS
[    0.000000] reserve setup_data: [mem 0x00000000bc8d5000-0x00000000bd7ccfff] reserved
[    0.000000] reserve setup_data: [mem 0x00000000bd7cd000-0x00000000bd7cdfff] usable
[    0.000000] reserve setup_data: [mem 0x00000000bd7ce000-0x00000000bd810fff] ACPI NVS
[    0.000000] reserve setup_data: [mem 0x00000000bd811000-0x00000000bdc46fff] usable
[    0.000000] reserve setup_data: [mem 0x00000000bdc47000-0x00000000bdff3fff] reserved
[    0.000000] reserve setup_data: [mem 0x00000000bdff4000-0x00000000bdffffff] usable
[    0.000000] reserve setup_data: [mem 0x00000000bf000000-0x00000000cf1fffff] reserved
[    0.000000] reserve setup_data: [mem 0x00000000f8000000-0x00000000fbffffff] reserved
[    0.000000] reserve setup_data: [mem 0x00000000fec00000-0x00000000fec00fff] reserved
[    0.000000] reserve setup_data: [mem 0x00000000fed00000-0x00000000fed03fff] reserved
[    0.000000] reserve setup_data: [mem 0x00000000fed1c000-0x00000000fed1ffff] reserved
[    0.000000] reserve setup_data: [mem 0x00000000fee00000-0x00000000fee00fff] reserved
[    0.000000] reserve setup_data: [mem 0x00000000ff000000-0x00000000ffffffff] reserved
[    0.000000] reserve setup_data: [mem 0x0000000100000000-0x000000042fdfffff] usable
[    0.000000] efi: EFI v2.31 by American Megatrends
[    0.000000] efi: ACPI=0xbc79e000 ACPI 2.0=0xbc79e000 SMBIOS=0xf04c0 MOKvar=0xbd66b000 
[    0.000000] SMBIOS 2.7 present.
[    0.000000] DMI: System manufacturer System Product Name/SABERTOOTH Z77, BIOS 2104 08/13/2013
[    0.000000] tsc: Fast TSC calibration using PIT
[    0.000000] tsc: Detected 3510.281 MHz processor
[    0.000676] e820: update [mem 0x00000000-0x00000fff] usable ==> reserved
[    0.000678] e820: remove [mem 0x000a0000-0x000fffff] usable
[    0.000689] last_pfn = 0x42fe00 max_arch_pfn = 0x400000000
[    0.000865] x86/PAT: Configuration [0-7]: WB  WC  UC- UC  WB  WP  UC- WT  
[    0.001528] total RAM covered: 16110M
[    0.001681] Found optimal setting for mtrr clean up
[    0.001682]  gran_size: 64K 	chunk_size: 32M 	num_reg: 8  	lose cover RAM: 0G
[    0.002135] e820: update [mem 0xbf000000-0xffffffff] usable ==> reserved
[    0.002139] last_pfn = 0xbe000 max_arch_pfn = 0x400000000
[    0.011181] found SMP MP-table at [mem 0x000fd810-0x000fd81f]
[    0.012095] Secure boot disabled
[    0.012096] RAMDISK: [mem 0xa4606000-0xa85b8fff]
[    0.012102] ACPI: Early table checksum verification disabled
[    0.012105] ACPI: RSDP 0x00000000BC79E000 000024 (v02 ALASKA)
[    0.012109] ACPI: XSDT 0x00000000BC79E078 00006C (v01 ALASKA A M I    01072009 AMI  00010013)
[    0.012115] ACPI: FACP 0x00000000BC7A8E28 00010C (v05 ALASKA A M I    01072009 AMI  00010013)
[    0.012120] ACPI: DSDT 0x00000000BC79E180 00ACA5 (v02 ALASKA A M I    00000022 INTL 20051117)
[    0.012124] ACPI: FACS 0x00000000BC8D3080 000040
[    0.012126] ACPI: APIC 0x00000000BC7A8F38 000092 (v03 ALASKA A M I    01072009 AMI  00010013)
[    0.012129] ACPI: FPDT 0x00000000BC7A8FD0 000044 (v01 ALASKA A M I    01072009 AMI  00010013)
[    0.012132] ACPI: MCFG 0x00000000BC7A9018 00003C (v01 ALASKA A M I    01072009 MSFT 00000097)
[    0.012135] ACPI: HPET 0x00000000BC7A9058 000038 (v01 ALASKA A M I    01072009 AMI. 00000005)
[    0.012138] ACPI: SSDT 0x00000000BC7A9090 00036D (v01 SataRe SataTabl 00001000 INTL 20091112)
[    0.012141] ACPI: BGRT 0x00000000BC7AA8A0 000038 (v00 ALASKA A M I    01072009 AMI  00010013)
[    0.012144] ACPI: SSDT 0x00000000BC7A9458 0009AA (v01 PmRef  Cpu0Ist  00003000 INTL 20051117)
[    0.012148] ACPI: SSDT 0x00000000BC7A9E08 000A92 (v01 PmRef  CpuPm    00003000 INTL 20051117)
[    0.012150] ACPI: Reserving FACP table memory at [mem 0xbc7a8e28-0xbc7a8f33]
[    0.012151] ACPI: Reserving DSDT table memory at [mem 0xbc79e180-0xbc7a8e24]
[    0.012152] ACPI: Reserving FACS table memory at [mem 0xbc8d3080-0xbc8d30bf]
[    0.012153] ACPI: Reserving APIC table memory at [mem 0xbc7a8f38-0xbc7a8fc9]
[    0.012154] ACPI: Reserving FPDT table memory at [mem 0xbc7a8fd0-0xbc7a9013]
[    0.012155] ACPI: Reserving MCFG table memory at [mem 0xbc7a9018-0xbc7a9053]
[    0.012156] ACPI: Reserving HPET table memory at [mem 0xbc7a9058-0xbc7a908f]
[    0.012158] ACPI: Reserving SSDT table memory at [mem 0xbc7a9090-0xbc7a93fc]
[    0.012159] ACPI: Reserving BGRT table memory at [mem 0xbc7aa8a0-0xbc7aa8d7]
[    0.012160] ACPI: Reserving SSDT table memory at [mem 0xbc7a9458-0xbc7a9e01]
[    0.012161] ACPI: Reserving SSDT table memory at [mem 0xbc7a9e08-0xbc7aa899]
[    0.012262] No NUMA configuration found
[    0.012263] Faking a node at [mem 0x0000000000000000-0x000000042fdfffff]
[    0.012272] NODE_DATA(0) allocated [mem 0x42fdcc000-0x42fdf6fff]
[    0.012619] cma: Reserved 128 MiB at 0x000000009c400000
[    0.012650] Zone ranges:
[    0.012651]   DMA      [mem 0x0000000000001000-0x0000000000ffffff]
[    0.012653]   DMA32    [mem 0x0000000001000000-0x00000000ffffffff]
[    0.012654]   Normal   [mem 0x0000000100000000-0x000000042fdfffff]
[    0.012655]   Device   empty
[    0.012656] Movable zone start for each node
[    0.012658] Early memory node ranges
[    0.012659]   node   0: [mem 0x0000000000001000-0x000000000009efff]
[    0.012660]   node   0: [mem 0x0000000000100000-0x000000001fffffff]
[    0.012661]   node   0: [mem 0x0000000020200000-0x0000000040003fff]
[    0.012662]   node   0: [mem 0x0000000040005000-0x00000000bc1bcfff]
[    0.012662]   node   0: [mem 0x00000000bd7cd000-0x00000000bd7cdfff]
[    0.012663]   node   0: [mem 0x00000000bd811000-0x00000000bdc46fff]
[    0.012664]   node   0: [mem 0x00000000bdff4000-0x00000000bdffffff]
[    0.012665]   node   0: [mem 0x0000000100000000-0x000000042fdfffff]
[    0.012667] Initmem setup node 0 [mem 0x0000000000001000-0x000000042fdfffff]
[    0.012671] On node 0, zone DMA: 1 pages in unavailable ranges
[    0.012691] On node 0, zone DMA: 97 pages in unavailable ranges
[    0.014299] On node 0, zone DMA32: 512 pages in unavailable ranges
[    0.018116] On node 0, zone DMA32: 1 pages in unavailable ranges
[    0.018194] On node 0, zone DMA32: 5648 pages in unavailable ranges
[    0.018204] On node 0, zone DMA32: 67 pages in unavailable ranges
[    0.018217] On node 0, zone DMA32: 941 pages in unavailable ranges
[    0.043215] On node 0, zone Normal: 8192 pages in unavailable ranges
[    0.043226] On node 0, zone Normal: 512 pages in unavailable ranges
[    0.043257] Reserving Intel graphics memory at [mem 0xbf200000-0xcf1fffff]
[    0.043350] ACPI: PM-Timer IO Port: 0x408
[    0.043359] ACPI: LAPIC_NMI (acpi_id[0xff] high edge lint[0x1])
[    0.043369] IOAPIC[0]: apic_id 2, version 32, address 0xfec00000, GSI 0-23
[    0.043372] ACPI: INT_SRC_OVR (bus 0 bus_irq 0 global_irq 2 dfl dfl)
[    0.043374] ACPI: INT_SRC_OVR (bus 0 bus_irq 9 global_irq 9 high level)
[    0.043378] ACPI: Using ACPI (MADT) for SMP configuration information
[    0.043379] ACPI: HPET id: 0x8086a701 base: 0xfed00000
[    0.043385] efi_bgrt: Ignoring BGRT: invalid image address
[    0.043387] TSC deadline timer available
[    0.043388] smpboot: Allowing 8 CPUs, 0 hotplug CPUs
[    0.043414] PM: hibernation: Registered nosave memory: [mem 0x00000000-0x00000fff]
[    0.043416] PM: hibernation: Registered nosave memory: [mem 0x0009f000-0x0009ffff]
[    0.043417] PM: hibernation: Registered nosave memory: [mem 0x000a0000-0x000fffff]
[    0.043419] PM: hibernation: Registered nosave memory: [mem 0x20000000-0x201fffff]
[    0.043421] PM: hibernation: Registered nosave memory: [mem 0x40004000-0x40004fff]
[    0.043423] PM: hibernation: Registered nosave memory: [mem 0xa45c5000-0xa45c5fff]
[    0.043424] PM: hibernation: Registered nosave memory: [mem 0xa45d4000-0xa45d4fff]
[    0.043425] PM: hibernation: Registered nosave memory: [mem 0xa45d5000-0xa45d5fff]
[    0.043427] PM: hibernation: Registered nosave memory: [mem 0xa45e5000-0xa45e5fff]
[    0.043427] PM: hibernation: Registered nosave memory: [mem 0xa45e6000-0xa45e6fff]
[    0.043429] PM: hibernation: Registered nosave memory: [mem 0xa4605000-0xa4605fff]
[    0.043431] PM: hibernation: Registered nosave memory: [mem 0xbc1bd000-0xbc796fff]
[    0.043432] PM: hibernation: Registered nosave memory: [mem 0xbc797000-0xbc7aafff]
[    0.043432] PM: hibernation: Registered nosave memory: [mem 0xbc7ab000-0xbc8d4fff]
[    0.043433] PM: hibernation: Registered nosave memory: [mem 0xbc8d5000-0xbd7ccfff]
[    0.043435] PM: hibernation: Registered nosave memory: [mem 0xbd7ce000-0xbd810fff]
[    0.043437] PM: hibernation: Registered nosave memory: [mem 0xbdc47000-0xbdff3fff]
[    0.043439] PM: hibernation: Registered nosave memory: [mem 0xbe000000-0xbeffffff]
[    0.043439] PM: hibernation: Registered nosave memory: [mem 0xbf000000-0xcf1fffff]
[    0.043440] PM: hibernation: Registered nosave memory: [mem 0xcf200000-0xf7ffffff]
[    0.043441] PM: hibernation: Registered nosave memory: [mem 0xf8000000-0xfbffffff]
[    0.043441] PM: hibernation: Registered nosave memory: [mem 0xfc000000-0xfebfffff]
[    0.043442] PM: hibernation: Registered nosave memory: [mem 0xfec00000-0xfec00fff]
[    0.043443] PM: hibernation: Registered nosave memory: [mem 0xfec01000-0xfecfffff]
[    0.043443] PM: hibernation: Registered nosave memory: [mem 0xfed00000-0xfed03fff]
[    0.043444] PM: hibernation: Registered nosave memory: [mem 0xfed04000-0xfed1bfff]
[    0.043444] PM: hibernation: Registered nosave memory: [mem 0xfed1c000-0xfed1ffff]
[    0.043445] PM: hibernation: Registered nosave memory: [mem 0xfed20000-0xfedfffff]
[    0.043446] PM: hibernation: Registered nosave memory: [mem 0xfee00000-0xfee00fff]
[    0.043446] PM: hibernation: Registered nosave memory: [mem 0xfee01000-0xfeffffff]
[    0.043447] PM: hibernation: Registered nosave memory: [mem 0xff000000-0xffffffff]
[    0.043449] [mem 0xcf200000-0xf7ffffff] available for PCI devices
[    0.043450] Booting paravirtualized kernel on bare hardware
[    0.043452] clocksource: refined-jiffies: mask: 0xffffffff max_cycles: 0xffffffff, max_idle_ns: 1910969940391419 ns
[    0.043460] setup_percpu: NR_CPUS:8192 nr_cpumask_bits:8 nr_cpu_ids:8 nr_node_ids:1
[    0.043674] percpu: Embedded 62 pages/cpu s217088 r8192 d28672 u262144
[    0.043682] pcpu-alloc: s217088 r8192 d28672 u262144 alloc=1*2097152
[    0.043684] pcpu-alloc: [0] 0 1 2 3 4 5 6 7 
[    0.043722] Fallback order for Node 0: 0 
[    0.043725] Built 1 zonelists, mobility grouping on.  Total pages: 4048375
[    0.043726] Policy zone: Normal
[    0.043727] Kernel command line: BOOT_IMAGE=/boot/vmlinuz-6.0.0-lake root=UUID=9c433338-78fd-44ac-b2df-fb8fdb6ec4d5 ro quiet splash cma=128M@0-4G vt.handoff=7
[    0.043823] Unknown kernel command line parameters "splash BOOT_IMAGE=/boot/vmlinuz-6.0.0-lake", will be passed to user space.
[    0.044711] Dentry cache hash table entries: 2097152 (order: 12, 16777216 bytes, linear)
[    0.045147] Inode-cache hash table entries: 1048576 (order: 11, 8388608 bytes, linear)
[    0.045238] mem auto-init: stack:off, heap alloc:on, heap free:off
[    0.045243] software IO TLB: area num 8.
[    0.096139] Memory: 15644016K/16451188K available (18440K kernel code, 4146K rwdata, 6080K rodata, 3168K init, 6856K bss, 675840K reserved, 131072K cma-reserved)
[    0.096409] SLUB: HWalign=64, Order=0-3, MinObjects=0, CPUs=8, Nodes=1
[    0.096425] Kernel/User page tables isolation: enabled
[    0.096442] ftrace: allocating 50862 entries in 199 pages
[    0.103918] ftrace: allocated 199 pages with 5 groups
[    0.104568] Dynamic Preempt: voluntary
[    0.104607] rcu: Preemptible hierarchical RCU implementation.
[    0.104608] rcu: 	RCU restricting CPUs from NR_CPUS=8192 to nr_cpu_ids=8.
[    0.104609] 	Trampoline variant of Tasks RCU enabled.
[    0.104610] 	Rude variant of Tasks RCU enabled.
[    0.104610] 	Tracing variant of Tasks RCU enabled.
[    0.104611] rcu: RCU calculated value of scheduler-enlistment delay is 100 jiffies.
[    0.104611] rcu: Adjusting geometry for rcu_fanout_leaf=16, nr_cpu_ids=8
[    0.108816] NR_IRQS: 524544, nr_irqs: 488, preallocated irqs: 16
[    0.108987] rcu: srcu_init: Setting srcu_struct sizes based on contention.
[    0.109023] random: crng init done
[    0.109047] Console: colour dummy device 80x25
[    0.109067] printk: console [tty0] enabled
[    0.109084] ACPI: Core revision 20220331
[    0.109170] clocksource: hpet: mask: 0xffffffff max_cycles: 0xffffffff, max_idle_ns: 133484882848 ns
[    0.109183] APIC: Switch to symmetric I/O mode setup
[    0.109548] ..TIMER: vector=0x30 apic1=0 pin1=2 apic2=-1 pin2=-1
[    0.114183] clocksource: tsc-early: mask: 0xffffffffffffffff max_cycles: 0x3299412d075, max_idle_ns: 440795316021 ns
[    0.114187] Calibrating delay loop (skipped), value calculated using timer frequency.. 7020.56 BogoMIPS (lpj=3510281)
[    0.114190] pid_max: default: 32768 minimum: 301
[    0.119640] LSM: Security Framework initializing
[    0.119650] landlock: Up and running.
[    0.119651] Yama: becoming mindful.
[    0.119674] AppArmor: AppArmor initialized
[    0.119726] Mount-cache hash table entries: 32768 (order: 6, 262144 bytes, linear)
[    0.119758] Mountpoint-cache hash table entries: 32768 (order: 6, 262144 bytes, linear)
[    0.119985] CPU0: Thermal monitoring enabled (TM1)
[    0.120003] process: using mwait in idle threads
[    0.120006] Last level iTLB entries: 4KB 512, 2MB 8, 4MB 8
[    0.120007] Last level dTLB entries: 4KB 512, 2MB 32, 4MB 32, 1GB 0
[    0.120010] Spectre V1 : Mitigation: usercopy/swapgs barriers and __user pointer sanitization
[    0.120012] Spectre V2 : Mitigation: Retpolines
[    0.120013] Spectre V2 : Spectre v2 / SpectreRSB mitigation: Filling RSB on context switch
[    0.120013] Spectre V2 : Spectre v2 / SpectreRSB : Filling RSB on VMEXIT
[    0.120014] Spectre V2 : Enabling Restricted Speculation for firmware calls
[    0.120015] Spectre V2 : mitigation: Enabling conditional Indirect Branch Prediction Barrier
[    0.120016] Spectre V2 : User space: Mitigation: STIBP via prctl
[    0.120017] Speculative Store Bypass: Mitigation: Speculative Store Bypass disabled via prctl
[    0.120020] MDS: Mitigation: Clear CPU buffers
[    0.120020] MMIO Stale Data: Unknown: No mitigations
[    0.120021] SRBDS: Vulnerable: No microcode
[    0.135551] Freeing SMP alternatives memory: 44K
[    0.136255] smpboot: CPU0: Intel(R) Core(TM) i7-3770K CPU @ 3.50GHz (family: 0x6, model: 0x3a, stepping: 0x9)
[    0.136388] cblist_init_generic: Setting adjustable number of callback queues.
[    0.136391] cblist_init_generic: Setting shift to 3 and lim to 1.
[    0.136406] cblist_init_generic: Setting shift to 3 and lim to 1.
[    0.136421] cblist_init_generic: Setting shift to 3 and lim to 1.
[    0.136435] Performance Events: PEBS fmt1+, IvyBridge events, 16-deep LBR, full-width counters, Intel PMU driver.
[    0.136451] ... version:                3
[    0.136452] ... bit width:              48
[    0.136452] ... generic registers:      4
[    0.136453] ... value mask:             0000ffffffffffff
[    0.136454] ... max period:             00007fffffffffff
[    0.136454] ... fixed-purpose events:   3
[    0.136455] ... event mask:             000000070000000f
[    0.136562] Estimated ratio of average max frequency by base frequency (times 1024): 1082
[    0.136582] rcu: Hierarchical SRCU implementation.
[    0.136583] rcu: 	Max phase no-delay instances is 400.
[    0.137185] NMI watchdog: Enabled. Permanently consumes one hw-PMU counter.
[    0.137260] smp: Bringing up secondary CPUs ...
[    0.137354] x86: Booting SMP configuration:
[    0.137356] .... node  #0, CPUs:      #1 #2 #3 #4
[    0.145303] MDS CPU bug present and SMT on, data leak possible. See https://www.kernel.org/doc/html/latest/admin-guide/hw-vuln/mds.html for more details.
[    0.145329]  #5 #6 #7
[    0.148243] smp: Brought up 1 node, 8 CPUs
[    0.148243] smpboot: Max logical packages: 1
[    0.148243] smpboot: Total of 8 processors activated (56164.49 BogoMIPS)
[    0.149803] devtmpfs: initialized
[    0.149803] x86/mm: Memory block size: 128MB
[    0.150994] ACPI: PM: Registering ACPI NVS region [mem 0xbc7ab000-0xbc8d4fff] (1220608 bytes)
[    0.150994] ACPI: PM: Registering ACPI NVS region [mem 0xbd7ce000-0xbd810fff] (274432 bytes)
[    0.150994] clocksource: jiffies: mask: 0xffffffff max_cycles: 0xffffffff, max_idle_ns: 1911260446275000 ns
[    0.150994] futex hash table entries: 2048 (order: 5, 131072 bytes, linear)
[    0.151568] pinctrl core: initialized pinctrl subsystem
[    0.151664] PM: RTC time: 21:19:09, date: 2025-06-24
[    0.152014] NET: Registered PF_NETLINK/PF_ROUTE protocol family
[    0.152227] DMA: preallocated 2048 KiB GFP_KERNEL pool for atomic allocations
[    0.152338] DMA: preallocated 2048 KiB GFP_KERNEL|GFP_DMA pool for atomic allocations
[    0.152473] DMA: preallocated 2048 KiB GFP_KERNEL|GFP_DMA32 pool for atomic allocations
[    0.152487] audit: initializing netlink subsys (disabled)
[    0.152504] audit: type=2000 audit(1750799948.043:1): state=initialized audit_enabled=0 res=1
[    0.152504] thermal_sys: Registered thermal governor 'fair_share'
[    0.152504] thermal_sys: Registered thermal governor 'bang_bang'
[    0.152504] thermal_sys: Registered thermal governor 'step_wise'
[    0.152504] thermal_sys: Registered thermal governor 'user_space'
[    0.152504] thermal_sys: Registered thermal governor 'power_allocator'
[    0.152504] EISA bus registered
[    0.152504] cpuidle: using governor ladder
[    0.152504] cpuidle: using governor menu
[    0.152504] ACPI FADT declares the system doesn't support PCIe ASPM, so disable it
[    0.152504] acpiphp: ACPI Hot Plug PCI Controller Driver version: 0.5
[    0.152504] PCI: MMCONFIG for domain 0000 [bus 00-3f] at [mem 0xf8000000-0xfbffffff] (base 0xf8000000)
[    0.152504] PCI: MMCONFIG at [mem 0xf8000000-0xfbffffff] reserved in E820
[    0.152504] PCI: Using configuration type 1 for base access
[    0.152504] core: PMU erratum BJ122, BV98, HSD29 worked around, HT is on
[    0.152644] ENERGY_PERF_BIAS: Set to 'normal', was 'performance'
[    0.154333] kprobes: kprobe jump-optimization is enabled. All kprobes are optimized if possible.
[    0.154339] HugeTLB: registered 2.00 MiB page size, pre-allocated 0 pages
[    0.154339] HugeTLB: 28 KiB vmemmap can be freed for a 2.00 MiB page
[    0.154339] ACPI: Added _OSI(Module Device)
[    0.154339] ACPI: Added _OSI(Processor Device)
[    0.154339] ACPI: Added _OSI(3.0 _SCP Extensions)
[    0.154339] ACPI: Added _OSI(Processor Aggregator Device)
[    0.154339] ACPI: Added _OSI(Linux-Dell-Video)
[    0.154339] ACPI: Added _OSI(Linux-Lenovo-NV-HDMI-Audio)
[    0.154339] ACPI: Added _OSI(Linux-HPI-Hybrid-Graphics)
[    0.160341] ACPI: 4 ACPI AML tables successfully acquired and loaded
[    0.177614] ACPI: Dynamic OEM Table Load:
[    0.177622] ACPI: SSDT 0xFFFF973C80B0E000 00083B (v01 PmRef  Cpu0Cst  00003001 INTL 20051117)
[    0.177832] ACPI: Dynamic OEM Table Load:
[    0.177837] ACPI: SSDT 0xFFFF973C80B16400 000303 (v01 PmRef  ApIst    00003000 INTL 20051117)
[    0.178429] ACPI: Dynamic OEM Table Load:
[    0.178433] ACPI: SSDT 0xFFFF973C812B0C00 000119 (v01 PmRef  ApCst    00003000 INTL 20051117)
[    0.180534] ACPI: EC: EC started
[    0.180535] ACPI: EC: interrupt blocked
[    0.180554] ACPI: EC: EC_CMD/EC_SC=0x66, EC_DATA=0x62
[    0.180556] ACPI: \_SB_.PCI0.LPCB.EC0_: Boot DSDT EC used to handle transactions
[    0.180557] ACPI: Interpreter enabled
[    0.180577] ACPI: PM: (supports S0 S3 S4 S5)
[    0.180578] ACPI: Using IOAPIC for interrupt routing
[    0.180605] PCI: Using host bridge windows from ACPI; if necessary, use "pci=nocrs" and report a bug
[    0.180607] PCI: Using E820 reservations for host bridge windows
[    0.180818] ACPI: Enabled 8 GPEs in block 00 to 3F
[    0.188253] ACPI: PM: Power Resource [FN00]
[    0.188324] ACPI: PM: Power Resource [FN01]
[    0.188393] ACPI: PM: Power Resource [FN02]
[    0.188462] ACPI: PM: Power Resource [FN03]
[    0.188530] ACPI: PM: Power Resource [FN04]
[    0.189209] ACPI: PCI Root Bridge [PCI0] (domain 0000 [bus 00-3e])
[    0.189216] acpi PNP0A08:00: _OSC: OS supports [ExtendedConfig ASPM ClockPM Segments MSI EDR HPX-Type3]
[    0.189407] acpi PNP0A08:00: _OSC: platform does not support [PCIeHotplug SHPCHotplug PME]
[    0.189599] acpi PNP0A08:00: _OSC: OS now controls [AER PCIeCapability LTR DPC]
[    0.189601] acpi PNP0A08:00: FADT indicates ASPM is unsupported, using BIOS configuration
[    0.190266] PCI host bridge to bus 0000:00
[    0.190268] pci_bus 0000:00: root bus resource [io  0x0000-0x0cf7 window]
[    0.190270] pci_bus 0000:00: root bus resource [io  0x0d00-0xffff window]
[    0.190271] pci_bus 0000:00: root bus resource [mem 0x000a0000-0x000bffff window]
[    0.190272] pci_bus 0000:00: root bus resource [mem 0x000d0000-0x000dffff window]
[    0.190274] pci_bus 0000:00: root bus resource [mem 0xcf200000-0xfeafffff window]
[    0.190275] pci_bus 0000:00: root bus resource [bus 00-3e]
[    0.190289] pci 0000:00:00.0: [8086:0150] type 00 class 0x060000
[    0.190350] pci 0000:00:01.0: [8086:0151] type 01 class 0x060400
[    0.190381] pci 0000:00:01.0: PME# supported from D0 D3hot D3cold
[    0.190444] pci 0000:00:01.1: [8086:0155] type 01 class 0x060400
[    0.190473] pci 0000:00:01.1: PME# supported from D0 D3hot D3cold
[    0.190533] pci 0000:00:02.0: [8086:0162] type 00 class 0x030000
[    0.190540] pci 0000:00:02.0: reg 0x10: [mem 0xf7400000-0xf77fffff 64bit]
[    0.190545] pci 0000:00:02.0: reg 0x18: [mem 0xd0000000-0xdfffffff 64bit pref]
[    0.190548] pci 0000:00:02.0: reg 0x20: [io  0xf000-0xf03f]
[    0.190558] pci 0000:00:02.0: Video device with shadowed ROM at [mem 0x000c0000-0x000dffff]
[    0.190742] pci 0000:00:14.0: [8086:1e31] type 00 class 0x0c0330
[    0.190761] pci 0000:00:14.0: reg 0x10: [mem 0xf7c20000-0xf7c2ffff 64bit]
[    0.190824] pci 0000:00:14.0: PME# supported from D3hot D3cold
[    0.190896] pci 0000:00:16.0: [8086:1e3a] type 00 class 0x078000
[    0.190916] pci 0000:00:16.0: reg 0x10: [mem 0xf7c3b000-0xf7c3b00f 64bit]
[    0.190984] pci 0000:00:16.0: PME# supported from D0 D3hot D3cold
[    0.191040] pci 0000:00:19.0: [8086:1503] type 00 class 0x020000
[    0.191053] pci 0000:00:19.0: reg 0x10: [mem 0xf7c00000-0xf7c1ffff]
[    0.191061] pci 0000:00:19.0: reg 0x14: [mem 0xf7c39000-0xf7c39fff]
[    0.191068] pci 0000:00:19.0: reg 0x18: [io  0xf080-0xf09f]
[    0.191121] pci 0000:00:19.0: PME# supported from D0 D3hot D3cold
[    0.192192] pci 0000:00:1a.0: [8086:1e2d] type 00 class 0x0c0320
[    0.192208] pci 0000:00:1a.0: reg 0x10: [mem 0xf7c38000-0xf7c383ff]
[    0.192286] pci 0000:00:1a.0: PME# supported from D0 D3hot D3cold
[    0.192360] pci 0000:00:1b.0: [8086:1e20] type 00 class 0x040300
[    0.192375] pci 0000:00:1b.0: reg 0x10: [mem 0xf7c30000-0xf7c33fff 64bit]
[    0.192438] pci 0000:00:1b.0: PME# supported from D0 D3hot D3cold
[    0.192525] pci 0000:00:1c.0: [8086:1e10] type 01 class 0x060400
[    0.192677] pci 0000:00:1c.0: PME# supported from D0 D3hot D3cold
[    0.192778] pci 0000:00:1c.4: [8086:1e18] type 01 class 0x060400
[    0.192862] pci 0000:00:1c.4: PME# supported from D0 D3hot D3cold
[    0.192940] pci 0000:00:1c.6: [8086:1e1c] type 01 class 0x060400
[    0.193023] pci 0000:00:1c.6: PME# supported from D0 D3hot D3cold
[    0.193100] pci 0000:00:1c.7: [8086:1e1e] type 01 class 0x060400
[    0.193183] pci 0000:00:1c.7: PME# supported from D0 D3hot D3cold
[    0.193269] pci 0000:00:1d.0: [8086:1e26] type 00 class 0x0c0320
[    0.193285] pci 0000:00:1d.0: reg 0x10: [mem 0xf7c37000-0xf7c373ff]
[    0.193363] pci 0000:00:1d.0: PME# supported from D0 D3hot D3cold
[    0.193440] pci 0000:00:1f.0: [8086:1e44] type 00 class 0x060100
[    0.193611] pci 0000:00:1f.2: [8086:1e02] type 00 class 0x010601
[    0.193623] pci 0000:00:1f.2: reg 0x10: [io  0xf0d0-0xf0d7]
[    0.193629] pci 0000:00:1f.2: reg 0x14: [io  0xf0c0-0xf0c3]
[    0.193636] pci 0000:00:1f.2: reg 0x18: [io  0xf0b0-0xf0b7]
[    0.193642] pci 0000:00:1f.2: reg 0x1c: [io  0xf0a0-0xf0a3]
[    0.193648] pci 0000:00:1f.2: reg 0x20: [io  0xf060-0xf07f]
[    0.193654] pci 0000:00:1f.2: reg 0x24: [mem 0xf7c36000-0xf7c367ff]
[    0.193690] pci 0000:00:1f.2: PME# supported from D3hot
[    0.193753] pci 0000:00:1f.3: [8086:1e22] type 00 class 0x0c0500
[    0.193769] pci 0000:00:1f.3: reg 0x10: [mem 0xf7c35000-0xf7c350ff 64bit]
[    0.193787] pci 0000:00:1f.3: reg 0x20: [io  0xf040-0xf05f]
[    0.193892] pci 0000:01:00.0: [10de:1eb1] type 00 class 0x030000
[    0.193901] pci 0000:01:00.0: reg 0x10: [mem 0xf6000000-0xf6ffffff]
[    0.193908] pci 0000:01:00.0: reg 0x14: [mem 0xe0000000-0xefffffff 64bit pref]
[    0.193915] pci 0000:01:00.0: reg 0x1c: [mem 0xf0000000-0xf1ffffff 64bit pref]
[    0.193919] pci 0000:01:00.0: reg 0x24: [io  0xe000-0xe07f]
[    0.193923] pci 0000:01:00.0: reg 0x30: [mem 0xf7000000-0xf707ffff pref]
[    0.193928] pci 0000:01:00.0: enabling Extended Tags
[    0.193966] pci 0000:01:00.0: PME# supported from D0 D3hot D3cold
[    0.194005] pci 0000:01:00.0: 63.008 Gb/s available PCIe bandwidth, limited by 8.0 GT/s PCIe x8 link at 0000:00:01.0 (capable of 126.016 Gb/s with 8.0 GT/s PCIe x16 link)
[    0.194062] pci 0000:01:00.1: [10de:10f8] type 00 class 0x040300
[    0.194070] pci 0000:01:00.1: reg 0x10: [mem 0xf7080000-0xf7083fff]
[    0.194092] pci 0000:01:00.1: enabling Extended Tags
[    0.194159] pci 0000:01:00.2: [10de:1ad8] type 00 class 0x0c0330
[    0.194191] pci 0000:01:00.2: reg 0x10: [mem 0xf2000000-0xf203ffff 64bit pref]
[    0.194201] pci 0000:01:00.2: reg 0x1c: [mem 0xf2040000-0xf204ffff 64bit pref]
[    0.194211] pci 0000:01:00.2: enabling Extended Tags
[    0.194240] pci 0000:01:00.2: PME# supported from D0 D3hot D3cold
[    0.194284] pci 0000:01:00.3: [10de:1ad9] type 00 class 0x0c8000
[    0.194292] pci 0000:01:00.3: reg 0x10: [mem 0xf7084000-0xf7084fff]
[    0.194314] pci 0000:01:00.3: enabling Extended Tags
[    0.194342] pci 0000:01:00.3: PME# supported from D0 D3hot D3cold
[    0.194401] pci 0000:00:01.0: PCI bridge to [bus 01]
[    0.194403] pci 0000:00:01.0:   bridge window [io  0xe000-0xefff]
[    0.194405] pci 0000:00:01.0:   bridge window [mem 0xf6000000-0xf70fffff]
[    0.194408] pci 0000:00:01.0:   bridge window [mem 0xe0000000-0xf20fffff 64bit pref]
[    0.194604] pci 0000:02:00.0: [144d:a80a] type 00 class 0x010802
[    0.194618] pci 0000:02:00.0: reg 0x10: [mem 0xf7b00000-0xf7b03fff 64bit]
[    0.194645] pci 0000:02:00.0: enabling Extended Tags
[    0.194726] pci 0000:02:00.0: 31.504 Gb/s available PCIe bandwidth, limited by 8.0 GT/s PCIe x4 link at 0000:00:01.1 (capable of 63.012 Gb/s with 16.0 GT/s PCIe x4 link)
[    0.194783] pci 0000:00:01.1: PCI bridge to [bus 02]
[    0.194786] pci 0000:00:01.1:   bridge window [mem 0xf7b00000-0xf7bfffff]
[    0.194855] pci 0000:00:1c.0: PCI bridge to [bus 03]
[    0.194937] pci 0000:04:00.0: [1b21:1042] type 00 class 0x0c0330
[    0.194972] pci 0000:04:00.0: reg 0x10: [mem 0xf7a00000-0xf7a07fff 64bit]
[    0.195139] pci 0000:04:00.0: PME# supported from D3hot D3cold
[    0.195259] pci 0000:00:1c.4: PCI bridge to [bus 04]
[    0.195264] pci 0000:00:1c.4:   bridge window [mem 0xf7a00000-0xf7afffff]
[    0.195332] pci 0000:05:00.0: [1b21:0612] type 00 class 0x010601
[    0.195357] pci 0000:05:00.0: reg 0x10: [io  0xd050-0xd057]
[    0.195369] pci 0000:05:00.0: reg 0x14: [io  0xd040-0xd043]
[    0.195382] pci 0000:05:00.0: reg 0x18: [io  0xd030-0xd037]
[    0.195394] pci 0000:05:00.0: reg 0x1c: [io  0xd020-0xd023]
[    0.195407] pci 0000:05:00.0: reg 0x20: [io  0xd000-0xd01f]
[    0.195419] pci 0000:05:00.0: reg 0x24: [mem 0xf7900000-0xf79001ff]
[    0.195612] pci 0000:00:1c.6: PCI bridge to [bus 05]
[    0.195615] pci 0000:00:1c.6:   bridge window [io  0xd000-0xdfff]
[    0.195618] pci 0000:00:1c.6:   bridge window [mem 0xf7900000-0xf79fffff]
[    0.195685] pci 0000:06:00.0: [1b21:0612] type 00 class 0x010601
[    0.195709] pci 0000:06:00.0: reg 0x10: [io  0xc050-0xc057]
[    0.195722] pci 0000:06:00.0: reg 0x14: [io  0xc040-0xc043]
[    0.195734] pci 0000:06:00.0: reg 0x18: [io  0xc030-0xc037]
[    0.195746] pci 0000:06:00.0: reg 0x1c: [io  0xc020-0xc023]
[    0.195758] pci 0000:06:00.0: reg 0x20: [io  0xc000-0xc01f]
[    0.195771] pci 0000:06:00.0: reg 0x24: [mem 0xf7800000-0xf78001ff]
[    0.195962] pci 0000:00:1c.7: PCI bridge to [bus 06]
[    0.195966] pci 0000:00:1c.7:   bridge window [io  0xc000-0xcfff]
[    0.195969] pci 0000:00:1c.7:   bridge window [mem 0xf7800000-0xf78fffff]
[    0.196498] ACPI: PCI: Interrupt link LNKA configured for IRQ 11
[    0.196561] ACPI: PCI: Interrupt link LNKB configured for IRQ 10
[    0.196622] ACPI: PCI: Interrupt link LNKC configured for IRQ 5
[    0.196683] ACPI: PCI: Interrupt link LNKD configured for IRQ 3
[    0.196744] ACPI: PCI: Interrupt link LNKE configured for IRQ 4
[    0.196804] ACPI: PCI: Interrupt link LNKF configured for IRQ 0
[    0.196806] ACPI: PCI: Interrupt link LNKF disabled
[    0.196866] ACPI: PCI: Interrupt link LNKG configured for IRQ 11
[    0.196928] ACPI: PCI: Interrupt link LNKH configured for IRQ 10
[    0.197224] ACPI: EC: interrupt unblocked
[    0.197225] ACPI: EC: event unblocked
[    0.197229] ACPI: EC: EC_CMD/EC_SC=0x66, EC_DATA=0x62
[    0.197230] ACPI: EC: GPE=0x18
[    0.197231] ACPI: \_SB_.PCI0.LPCB.EC0_: Boot DSDT EC initialization complete
[    0.197233] ACPI: \_SB_.PCI0.LPCB.EC0_: EC: Used to handle transactions and events
[    0.197293] iommu: Default domain type: Translated 
[    0.197293] iommu: DMA domain TLB invalidation policy: lazy mode 
[    0.197336] SCSI subsystem initialized
[    0.197342] libata version 3.00 loaded.
[    0.197342] ACPI: bus type USB registered
[    0.197342] usbcore: registered new interface driver usbfs
[    0.197342] usbcore: registered new interface driver hub
[    0.197342] usbcore: registered new device driver usb
[    0.197342] pps_core: LinuxPPS API ver. 1 registered
[    0.197342] pps_core: Software ver. 5.3.6 - Copyright 2005-2007 Rodolfo Giometti <giometti@linux.it>
[    0.197342] PTP clock support registered
[    0.197342] EDAC MC: Ver: 3.0.0
[    0.197342] Registered efivars operations
[    0.197342] NetLabel: Initializing
[    0.197342] NetLabel:  domain hash size = 128
[    0.197342] NetLabel:  protocols = UNLABELED CIPSOv4 CALIPSO
[    0.197342] NetLabel:  unlabeled traffic allowed by default
[    0.197342] mctp: management component transport protocol core
[    0.197342] NET: Registered PF_MCTP protocol family
[    0.197342] PCI: Using ACPI for IRQ routing
[    0.199236] PCI: pci_cache_line_size set to 64 bytes
[    0.199289] e820: reserve RAM buffer [mem 0x0009f000-0x0009ffff]
[    0.199290] e820: reserve RAM buffer [mem 0x40004000-0x43ffffff]
[    0.199292] e820: reserve RAM buffer [mem 0xa45c5018-0xa7ffffff]
[    0.199293] e820: reserve RAM buffer [mem 0xa45d5018-0xa7ffffff]
[    0.199294] e820: reserve RAM buffer [mem 0xa45e6018-0xa7ffffff]
[    0.199294] e820: reserve RAM buffer [mem 0xbc1bd000-0xbfffffff]
[    0.199296] e820: reserve RAM buffer [mem 0xbd7ce000-0xbfffffff]
[    0.199297] e820: reserve RAM buffer [mem 0xbdc47000-0xbfffffff]
[    0.199298] e820: reserve RAM buffer [mem 0xbe000000-0xbfffffff]
[    0.199299] e820: reserve RAM buffer [mem 0x42fe00000-0x42fffffff]
[    0.199313] pci 0000:00:02.0: vgaarb: setting as boot VGA device
[    0.199313] pci 0000:00:02.0: vgaarb: bridge control possible
[    0.199313] pci 0000:00:02.0: vgaarb: VGA device added: decodes=io+mem,owns=io+mem,locks=none
[    0.199313] pci 0000:01:00.0: vgaarb: bridge control possible
[    0.199313] pci 0000:01:00.0: vgaarb: VGA device added: decodes=io+mem,owns=none,locks=none
[    0.199313] vgaarb: loaded
[    0.201123] hpet0: at MMIO 0xfed00000, IRQs 2, 8, 0, 0, 0, 0, 0, 0
[    0.201133] hpet0: 8 comparators, 64-bit 14.318180 MHz counter
[    0.202233] clocksource: Switched to clocksource tsc-early
[    0.202354] VFS: Disk quotas dquot_6.6.0
[    0.202365] VFS: Dquot-cache hash table entries: 512 (order 0, 4096 bytes)
[    0.202400] FS-Cache: Loaded
[    0.202466] AppArmor: AppArmor Filesystem Enabled
[    0.202500] pnp: PnP ACPI init
[    0.202607] system 00:00: [mem 0xfed40000-0xfed44fff] has been reserved
[    0.202693] system 00:01: [io  0x0680-0x069f] has been reserved
[    0.202696] system 00:01: [io  0x1000-0x100f] has been reserved
[    0.202697] system 00:01: [io  0xffff] has been reserved
[    0.202699] system 00:01: [io  0xffff] has been reserved
[    0.202700] system 00:01: [io  0x0400-0x0453] has been reserved
[    0.202701] system 00:01: [io  0x0458-0x047f] has been reserved
[    0.202703] system 00:01: [io  0x0500-0x057f] has been reserved
[    0.202704] system 00:01: [io  0x164e-0x164f] has been reserved
[    0.202778] system 00:03: [io  0x0454-0x0457] has been reserved
[    0.202881] system 00:04: [io  0x0290-0x029f] has been reserved
[    0.202937] system 00:05: [io  0x04d0-0x04d1] has been reserved
[    0.204158] system 00:06: [mem 0xfed1c000-0xfed1ffff] has been reserved
[    0.204160] system 00:06: [mem 0xfed10000-0xfed17fff] has been reserved
[    0.204161] system 00:06: [mem 0xfed18000-0xfed18fff] has been reserved
[    0.204163] system 00:06: [mem 0xfed19000-0xfed19fff] has been reserved
[    0.204164] system 00:06: [mem 0xf8000000-0xfbffffff] has been reserved
[    0.204166] system 00:06: [mem 0xfed20000-0xfed3ffff] has been reserved
[    0.204167] system 00:06: [mem 0xfed90000-0xfed93fff] has been reserved
[    0.204168] system 00:06: [mem 0xfed45000-0xfed8ffff] has been reserved
[    0.204170] system 00:06: [mem 0xff000000-0xffffffff] has been reserved
[    0.204171] system 00:06: [mem 0xfee00000-0xfeefffff] could not be reserved
[    0.204173] system 00:06: [mem 0xcf200000-0xcf200fff] has been reserved
[    0.204352] system 00:07: [mem 0x20000000-0x201fffff] has been reserved
[    0.204354] system 00:07: [mem 0x40004000-0x40004fff] has been reserved
[    0.204379] pnp: PnP ACPI: found 8 devices
[    0.209936] clocksource: acpi_pm: mask: 0xffffff max_cycles: 0xffffff, max_idle_ns: 2085701024 ns
[    0.210002] NET: Registered PF_INET protocol family
[    0.210161] IP idents hash table entries: 262144 (order: 9, 2097152 bytes, linear)
[    0.212721] tcp_listen_portaddr_hash hash table entries: 8192 (order: 5, 131072 bytes, linear)
[    0.212748] Table-perturb hash table entries: 65536 (order: 6, 262144 bytes, linear)
[    0.212808] TCP established hash table entries: 131072 (order: 8, 1048576 bytes, linear)
[    0.212981] TCP bind hash table entries: 65536 (order: 8, 1048576 bytes, linear)
[    0.213041] TCP: Hash tables configured (established 131072 bind 65536)
[    0.213113] MPTCP token hash table entries: 16384 (order: 6, 393216 bytes, linear)
[    0.213175] UDP hash table entries: 8192 (order: 6, 262144 bytes, linear)
[    0.213298] UDP-Lite hash table entries: 8192 (order: 6, 262144 bytes, linear)
[    0.213346] NET: Registered PF_UNIX/PF_LOCAL protocol family
[    0.213356] NET: Registered PF_XDP protocol family
[    0.213365] pci 0000:00:1c.0: bridge window [io  0x1000-0x0fff] to [bus 03] add_size 1000
[    0.213369] pci 0000:00:1c.0: bridge window [mem 0x00100000-0x000fffff 64bit pref] to [bus 03] add_size 200000 add_align 100000
[    0.213371] pci 0000:00:1c.0: bridge window [mem 0x00100000-0x000fffff] to [bus 03] add_size 200000 add_align 100000
[    0.213381] pci 0000:00:1c.0: BAR 14: assigned [mem 0xcf300000-0xcf4fffff]
[    0.213386] pci 0000:00:1c.0: BAR 15: assigned [mem 0xcf500000-0xcf6fffff 64bit pref]
[    0.213389] pci 0000:00:1c.0: BAR 13: assigned [io  0x2000-0x2fff]
[    0.213392] pci 0000:00:01.0: PCI bridge to [bus 01]
[    0.213394] pci 0000:00:01.0:   bridge window [io  0xe000-0xefff]
[    0.213396] pci 0000:00:01.0:   bridge window [mem 0xf6000000-0xf70fffff]
[    0.213398] pci 0000:00:01.0:   bridge window [mem 0xe0000000-0xf20fffff 64bit pref]
[    0.213401] pci 0000:00:01.1: PCI bridge to [bus 02]
[    0.213403] pci 0000:00:01.1:   bridge window [mem 0xf7b00000-0xf7bfffff]
[    0.213407] pci 0000:00:1c.0: PCI bridge to [bus 03]
[    0.213409] pci 0000:00:1c.0:   bridge window [io  0x2000-0x2fff]
[    0.213414] pci 0000:00:1c.0:   bridge window [mem 0xcf300000-0xcf4fffff]
[    0.213418] pci 0000:00:1c.0:   bridge window [mem 0xcf500000-0xcf6fffff 64bit pref]
[    0.213425] pci 0000:00:1c.4: PCI bridge to [bus 04]
[    0.213429] pci 0000:00:1c.4:   bridge window [mem 0xf7a00000-0xf7afffff]
[    0.213436] pci 0000:00:1c.6: PCI bridge to [bus 05]
[    0.213438] pci 0000:00:1c.6:   bridge window [io  0xd000-0xdfff]
[    0.213442] pci 0000:00:1c.6:   bridge window [mem 0xf7900000-0xf79fffff]
[    0.213449] pci 0000:00:1c.7: PCI bridge to [bus 06]
[    0.213451] pci 0000:00:1c.7:   bridge window [io  0xc000-0xcfff]
[    0.213455] pci 0000:00:1c.7:   bridge window [mem 0xf7800000-0xf78fffff]
[    0.213462] pci_bus 0000:00: resource 4 [io  0x0000-0x0cf7 window]
[    0.213464] pci_bus 0000:00: resource 5 [io  0x0d00-0xffff window]
[    0.213465] pci_bus 0000:00: resource 6 [mem 0x000a0000-0x000bffff window]
[    0.213466] pci_bus 0000:00: resource 7 [mem 0x000d0000-0x000dffff window]
[    0.213467] pci_bus 0000:00: resource 8 [mem 0xcf200000-0xfeafffff window]
[    0.213469] pci_bus 0000:01: resource 0 [io  0xe000-0xefff]
[    0.213470] pci_bus 0000:01: resource 1 [mem 0xf6000000-0xf70fffff]
[    0.213471] pci_bus 0000:01: resource 2 [mem 0xe0000000-0xf20fffff 64bit pref]
[    0.213472] pci_bus 0000:02: resource 1 [mem 0xf7b00000-0xf7bfffff]
[    0.213474] pci_bus 0000:03: resource 0 [io  0x2000-0x2fff]
[    0.213475] pci_bus 0000:03: resource 1 [mem 0xcf300000-0xcf4fffff]
[    0.213476] pci_bus 0000:03: resource 2 [mem 0xcf500000-0xcf6fffff 64bit pref]
[    0.213477] pci_bus 0000:04: resource 1 [mem 0xf7a00000-0xf7afffff]
[    0.213479] pci_bus 0000:05: resource 0 [io  0xd000-0xdfff]
[    0.213480] pci_bus 0000:05: resource 1 [mem 0xf7900000-0xf79fffff]
[    0.213481] pci_bus 0000:06: resource 0 [io  0xc000-0xcfff]
[    0.213482] pci_bus 0000:06: resource 1 [mem 0xf7800000-0xf78fffff]
[    0.214063] pci 0000:01:00.1: D0 power state depends on 0000:01:00.0
[    0.214106] pci 0000:01:00.2: D0 power state depends on 0000:01:00.0
[    0.214196] pci 0000:01:00.2: enabling device (0000 -> 0002)
[    0.214297] pci 0000:01:00.3: D0 power state depends on 0000:01:00.0
[    0.214460] pci 0000:04:00.0: CLS mismatch (64 != 32), using 64 bytes
[    0.214468] PCI-DMA: Using software bounce buffering for IO (SWIOTLB)
[    0.214469] software IO TLB: mapped [mem 0x00000000aaa1a000-0x00000000aea1a000] (64MB)
[    0.214508] Trying to unpack rootfs image as initramfs...
[    0.215008] Initialise system trusted keyrings
[    0.215021] Key type blacklist registered
[    0.215065] workingset: timestamp_bits=36 max_order=22 bucket_order=0
[    0.216062] zbud: loaded
[    0.216325] squashfs: version 4.0 (2009/01/31) Phillip Lougher
[    0.216347] fuse: init (API version 7.36)
[    0.216511] integrity: Platform Keyring initialized
[    0.216517] integrity: Machine keyring initialized
[    0.224583] Key type asymmetric registered
[    0.224587] Asymmetric key parser 'x509' registered
[    0.483257] Freeing initrd memory: 65228K
[    0.485868] alg: self-tests for CTR-KDF (hmac(sha256)) passed
[    0.485891] Block layer SCSI generic (bsg) driver version 0.4 loaded (major 243)
[    0.485921] io scheduler mq-deadline registered
[    0.486783] shpchp: Standard Hot Plug PCI Controller Driver version: 0.4
[    0.487206] input: Power Button as /devices/LNXSYSTM:00/LNXSYBUS:00/PNP0C0C:00/input/input0
[    0.487241] ACPI: button: Power Button [PWRB]
[    0.487268] input: Power Button as /devices/LNXSYSTM:00/LNXPWRBN:00/input/input1
[    0.487290] ACPI: button: Power Button [PWRF]
[    0.487937] thermal LNXTHERM:00: registered as thermal_zone0
[    0.487939] ACPI: thermal: Thermal Zone [TZ00] (28 C)
[    0.488226] thermal LNXTHERM:01: registered as thermal_zone1
[    0.488228] ACPI: thermal: Thermal Zone [TZ01] (30 C)
[    0.488384] Serial: 8250/16550 driver, 32 ports, IRQ sharing enabled
[    0.489632] Linux agpgart interface v0.103
[    0.489722] ACPI: bus type drm_connector registered
[    0.491117] loop: module loaded
[    0.491337] tun: Universal TUN/TAP device driver, 1.6
[    0.491392] PPP generic driver version 2.4.2
[    0.491440] ehci_hcd: USB 2.0 'Enhanced' Host Controller (EHCI) Driver
[    0.491444] ehci-pci: EHCI PCI platform driver
[    0.491545] ehci-pci 0000:00:1a.0: EHCI Host Controller
[    0.491551] ehci-pci 0000:00:1a.0: new USB bus registered, assigned bus number 1
[    0.491562] ehci-pci 0000:00:1a.0: debug port 2
[    0.495488] ehci-pci 0000:00:1a.0: irq 16, io mem 0xf7c38000
[    0.502216] ehci-pci 0000:00:1a.0: USB 2.0 started, EHCI 1.00
[    0.502294] usb usb1: New USB device found, idVendor=1d6b, idProduct=0002, bcdDevice= 6.00
[    0.502297] usb usb1: New USB device strings: Mfr=3, Product=2, SerialNumber=1
[    0.502298] usb usb1: Product: EHCI Host Controller
[    0.502299] usb usb1: Manufacturer: Linux 6.0.0-lake ehci_hcd
[    0.502300] usb usb1: SerialNumber: 0000:00:1a.0
[    0.502444] hub 1-0:1.0: USB hub found
[    0.502452] hub 1-0:1.0: 2 ports detected
[    0.502678] ehci-pci 0000:00:1d.0: EHCI Host Controller
[    0.502683] ehci-pci 0000:00:1d.0: new USB bus registered, assigned bus number 2
[    0.502692] ehci-pci 0000:00:1d.0: debug port 2
[    0.506594] ehci-pci 0000:00:1d.0: irq 23, io mem 0xf7c37000
[    0.513212] ehci-pci 0000:00:1d.0: USB 2.0 started, EHCI 1.00
[    0.513287] usb usb2: New USB device found, idVendor=1d6b, idProduct=0002, bcdDevice= 6.00
[    0.513289] usb usb2: New USB device strings: Mfr=3, Product=2, SerialNumber=1
[    0.513291] usb usb2: Product: EHCI Host Controller
[    0.513292] usb usb2: Manufacturer: Linux 6.0.0-lake ehci_hcd
[    0.513293] usb usb2: SerialNumber: 0000:00:1d.0
[    0.513434] hub 2-0:1.0: USB hub found
[    0.513442] hub 2-0:1.0: 2 ports detected
[    0.513585] ehci-platform: EHCI generic platform driver
[    0.513592] ohci_hcd: USB 1.1 'Open' Host Controller (OHCI) Driver
[    0.513595] ohci-pci: OHCI PCI platform driver
[    0.513602] ohci-platform: OHCI generic platform driver
[    0.513609] uhci_hcd: USB Universal Host Controller Interface driver
[    0.513650] i8042: PNP: No PS/2 controller found.
[    0.513807] mousedev: PS/2 mouse device common for all mice
[    0.513946] rtc_cmos 00:02: RTC can wake from S4
[    0.514151] rtc_cmos 00:02: registered as rtc0
[    0.514182] rtc_cmos 00:02: setting system clock to 2025-06-24T21:19:09 UTC (1750799949)
[    0.514201] rtc_cmos 00:02: alarms up to one month, y3k, 242 bytes nvram, hpet irqs
[    0.514208] i2c_dev: i2c /dev entries driver
[    0.514385] device-mapper: core: CONFIG_IMA_DISABLE_HTABLE is disabled. Duplicate IMA measurements will not be recorded in the IMA log.
[    0.514404] device-mapper: uevent: version 1.0.3
[    0.514464] device-mapper: ioctl: 4.47.0-ioctl (2022-07-28) initialised: dm-devel@redhat.com
[    0.514478] platform eisa.0: Probing EISA bus 0
[    0.514481] platform eisa.0: EISA: Cannot allocate resource for mainboard
[    0.514482] platform eisa.0: Cannot allocate resource for EISA slot 1
[    0.514483] platform eisa.0: Cannot allocate resource for EISA slot 2
[    0.514484] platform eisa.0: Cannot allocate resource for EISA slot 3
[    0.514485] platform eisa.0: Cannot allocate resource for EISA slot 4
[    0.514486] platform eisa.0: Cannot allocate resource for EISA slot 5
[    0.514487] platform eisa.0: Cannot allocate resource for EISA slot 6
[    0.514488] platform eisa.0: Cannot allocate resource for EISA slot 7
[    0.514489] platform eisa.0: Cannot allocate resource for EISA slot 8
[    0.514490] platform eisa.0: EISA: Detected 0 cards
[    0.514493] intel_pstate: Intel P-state driver initializing
[    0.515071] ledtrig-cpu: registered to indicate activity on CPUs
[    0.515216] [drm] Initialized simpledrm 1.0.0 20200625 for simple-framebuffer.0 on minor 0
[    0.515886] fbcon: Deferring console take-over
[    0.515890] simple-framebuffer simple-framebuffer.0: [drm] fb0: simpledrmdrmfb frame buffer device
[    0.515954] drop_monitor: Initializing network drop monitor service
[    0.516103] NET: Registered PF_INET6 protocol family
[    0.520974] Segment Routing with IPv6
[    0.520985] In-situ OAM (IOAM) with IPv6
[    0.521005] NET: Registered PF_PACKET protocol family
[    0.521059] Key type dns_resolver registered
[    0.521900] microcode: sig=0x306a9, pf=0x2, revision=0x21
[    0.522022] microcode: Microcode Update Driver: v2.2.
[    0.522027] IPI shorthand broadcast: enabled
[    0.522053] sched_clock: Marking stable (521580787, 175947)->(613241540, -91484806)
[    0.522297] registered taskstats version 1
[    0.522656] Loading compiled-in X.509 certificates
[    0.523332] Loaded X.509 cert 'Build time autogenerated kernel key: 7a3c6a9a94562c94b06357e62cfc2d37541c16f1'
[    0.523512] zswap: loaded using pool lzo/zbud
[    0.523586] Key type ._fscrypt registered
[    0.523587] Key type .fscrypt registered
[    0.523588] Key type fscrypt-provisioning registered
[    0.526021] Key type encrypted registered
[    0.526025] AppArmor: AppArmor sha1 policy hashing enabled
[    0.527198] ima: No TPM chip found, activating TPM-bypass!
[    0.527201] Loading compiled-in module X.509 certificates
[    0.527693] Loaded X.509 cert 'Build time autogenerated kernel key: 7a3c6a9a94562c94b06357e62cfc2d37541c16f1'
[    0.527695] ima: Allocated hash algorithm: sha256
[    0.527704] ima: No architecture policies found
[    0.527714] evm: Initialising EVM extended attributes:
[    0.527715] evm: security.selinux
[    0.527716] evm: security.SMACK64
[    0.527717] evm: security.SMACK64EXEC
[    0.527717] evm: security.SMACK64TRANSMUTE
[    0.527718] evm: security.SMACK64MMAP
[    0.527718] evm: security.apparmor
[    0.527718] evm: security.ima
[    0.527719] evm: security.capability
[    0.527719] evm: HMAC attrs: 0x1
[    0.528869] PM:   Magic number: 13:304:349
[    0.528900] platform efivars.0: hash matches
[    0.529016] RAS: Correctable Errors collector initialized.
[    0.529866] Freeing unused decrypted memory: 2036K
[    0.530203] Freeing unused kernel image (initmem) memory: 3168K
[    0.546303] Write protecting the kernel read-only data: 26624k
[    0.546794] Freeing unused kernel image (text/rodata gap) memory: 2036K
[    0.546852] Freeing unused kernel image (rodata/data gap) memory: 64K
[    0.586390] x86/mm: Checked W+X mappings: passed, no W+X pages found.
[    0.586392] x86/mm: Checking user space page tables
[    0.623294] x86/mm: Checked W+X mappings: passed, no W+X pages found.
[    0.623299] Run /init as init process
[    0.623300]   with arguments:
[    0.623301]     /init
[    0.623302]     splash
[    0.623302]   with environment:
[    0.623303]     HOME=/
[    0.623303]     TERM=linux
[    0.623304]     BOOT_IMAGE=/boot/vmlinuz-6.0.0-lake
[    0.707443] xhci_hcd 0000:00:14.0: xHCI Host Controller
[    0.707455] xhci_hcd 0000:00:14.0: new USB bus registered, assigned bus number 3
[    0.708523] xhci_hcd 0000:00:14.0: hcc params 0x20007181 hci version 0x100 quirks 0x000000000000b930
[    0.709230] nvidia-gpu 0000:01:00.3: enabling device (0000 -> 0002)
[    0.709599] xhci_hcd 0000:00:14.0: xHCI Host Controller
[    0.709604] xhci_hcd 0000:00:14.0: new USB bus registered, assigned bus number 4
[    0.709607] xhci_hcd 0000:00:14.0: Host supports USB 3.0 SuperSpeed
[    0.709655] usb usb3: New USB device found, idVendor=1d6b, idProduct=0002, bcdDevice= 6.00
[    0.709659] usb usb3: New USB device strings: Mfr=3, Product=2, SerialNumber=1
[    0.709661] usb usb3: Product: xHCI Host Controller
[    0.709664] usb usb3: Manufacturer: Linux 6.0.0-lake xhci-hcd
[    0.709666] usb usb3: SerialNumber: 0000:00:14.0
[    0.710268] hub 3-0:1.0: USB hub found
[    0.710283] hub 3-0:1.0: 4 ports detected
[    0.710989] ACPI Warning: SystemIO range 0x0000000000000428-0x000000000000042F conflicts with OpRegion 0x0000000000000400-0x000000000000047F (\PMIO) (20220331/utaddress-204)
[    0.710997] ACPI: OSL: Resource conflict; ACPI support missing from driver?
[    0.711000] ACPI Warning: SystemIO range 0x0000000000000540-0x000000000000054F conflicts with OpRegion 0x0000000000000500-0x000000000000057F (\_SB.PCI0.LPCB.GPBX) (20220331/utaddress-204)
[    0.711006] ACPI Warning: SystemIO range 0x0000000000000540-0x000000000000054F conflicts with OpRegion 0x0000000000000500-0x0000000000000563 (\GPIO) (20220331/utaddress-204)
[    0.711010] ACPI: OSL: Resource conflict; ACPI support missing from driver?
[    0.711012] ACPI Warning: SystemIO range 0x0000000000000530-0x000000000000053F conflicts with OpRegion 0x0000000000000500-0x000000000000057F (\_SB.PCI0.LPCB.GPBX) (20220331/utaddress-204)
[    0.711016] ACPI Warning: SystemIO range 0x0000000000000530-0x000000000000053F conflicts with OpRegion 0x0000000000000500-0x0000000000000563 (\GPIO) (20220331/utaddress-204)
[    0.711021] ACPI: OSL: Resource conflict; ACPI support missing from driver?
[    0.711022] ACPI Warning: SystemIO range 0x0000000000000500-0x000000000000052F conflicts with OpRegion 0x0000000000000500-0x000000000000057F (\_SB.PCI0.LPCB.GPBX) (20220331/utaddress-204)
[    0.711027] ACPI Warning: SystemIO range 0x0000000000000500-0x000000000000052F conflicts with OpRegion 0x0000000000000500-0x0000000000000563 (\GPIO) (20220331/utaddress-204)
[    0.711031] ACPI: OSL: Resource conflict; ACPI support missing from driver?
[    0.711032] lpc_ich: Resource conflict(s) found affecting gpio_ich
[    0.714930] usb usb4: New USB device found, idVendor=1d6b, idProduct=0003, bcdDevice= 6.00
[    0.714937] usb usb4: New USB device strings: Mfr=3, Product=2, SerialNumber=1
[    0.714939] usb usb4: Product: xHCI Host Controller
[    0.714942] usb usb4: Manufacturer: Linux 6.0.0-lake xhci-hcd
[    0.714944] usb usb4: SerialNumber: 0000:00:14.0
[    0.715849] hub 4-0:1.0: USB hub found
[    0.715860] hub 4-0:1.0: 4 ports detected
[    0.716663] xhci_hcd 0000:01:00.2: enabling device (0000 -> 0002)
[    0.716758] xhci_hcd 0000:01:00.2: xHCI Host Controller
[    0.716767] xhci_hcd 0000:01:00.2: new USB bus registered, assigned bus number 5
[    0.717356] xhci_hcd 0000:01:00.2: hcc params 0x0180ff05 hci version 0x110 quirks 0x0000000000000010
[    0.717481] xhci_hcd 0000:01:00.2: xHCI Host Controller
[    0.717484] xhci_hcd 0000:01:00.2: new USB bus registered, assigned bus number 6
[    0.717486] xhci_hcd 0000:01:00.2: Host supports USB 3.1 Enhanced SuperSpeed
[    0.717525] usb usb5: New USB device found, idVendor=1d6b, idProduct=0002, bcdDevice= 6.00
[    0.717527] usb usb5: New USB device strings: Mfr=3, Product=2, SerialNumber=1
[    0.717528] usb usb5: Product: xHCI Host Controller
[    0.717529] usb usb5: Manufacturer: Linux 6.0.0-lake xhci-hcd
[    0.717530] usb usb5: SerialNumber: 0000:01:00.2
[    0.717651] hub 5-0:1.0: USB hub found
[    0.717660] hub 5-0:1.0: 2 ports detected
[    0.717883] usb usb6: We don't know the algorithms for LPM for this host, disabling LPM.
[    0.717900] usb usb6: New USB device found, idVendor=1d6b, idProduct=0003, bcdDevice= 6.00
[    0.717902] usb usb6: New USB device strings: Mfr=3, Product=2, SerialNumber=1
[    0.717904] usb usb6: Product: xHCI Host Controller
[    0.717905] usb usb6: Manufacturer: Linux 6.0.0-lake xhci-hcd
[    0.717906] usb usb6: SerialNumber: 0000:01:00.2
[    0.717989] hub 6-0:1.0: USB hub found
[    0.717997] hub 6-0:1.0: 4 ports detected
[    0.718249] xhci_hcd 0000:04:00.0: xHCI Host Controller
[    0.718256] xhci_hcd 0000:04:00.0: new USB bus registered, assigned bus number 7
[    0.722356] e1000e: Intel(R) PRO/1000 Network Driver
[    0.722359] e1000e: Copyright(c) 1999 - 2015 Intel Corporation.
[    0.722743] e1000e 0000:00:19.0: Interrupt Throttling Rate (ints/sec) set to dynamic conservative mode
[    0.726620] ahci 0000:00:1f.2: version 3.0
[    0.726650] i801_smbus 0000:00:1f.3: SMBus using PCI interrupt
[    0.726829] nvme nvme0: pci function 0000:02:00.0
[    0.726865] ahci 0000:00:1f.2: AHCI 0001.0300 32 slots 6 ports 6 Gbps 0x1 impl SATA mode
[    0.726869] ahci 0000:00:1f.2: flags: 64bit ncq led clo pio slum part ems apst 
[    0.727621] i2c i2c-1: 2/4 memory slots populated (from DMI)
[    0.728112] i2c i2c-1: Successfully instantiated SPD at 0x51
[    0.728623] i2c i2c-1: Successfully instantiated SPD at 0x53
[    0.738646] nvme nvme0: Shutdown timeout set to 10 seconds
[    0.744196] usb 1-1: new high-speed USB device number 2 using ehci-pci
[    0.752205] usb 2-1: new high-speed USB device number 2 using ehci-pci
[    0.779441] xhci_hcd 0000:04:00.0: hcc params 0x0200f180 hci version 0x96 quirks 0x0000000000080000
[    0.779797] xhci_hcd 0000:04:00.0: xHCI Host Controller
[    0.779801] xhci_hcd 0000:04:00.0: new USB bus registered, assigned bus number 8
[    0.779805] xhci_hcd 0000:04:00.0: Host supports USB 3.0 SuperSpeed
[    0.779861] usb usb7: New USB device found, idVendor=1d6b, idProduct=0002, bcdDevice= 6.00
[    0.779863] usb usb7: New USB device strings: Mfr=3, Product=2, SerialNumber=1
[    0.779864] usb usb7: Product: xHCI Host Controller
[    0.779866] usb usb7: Manufacturer: Linux 6.0.0-lake xhci-hcd
[    0.779867] usb usb7: SerialNumber: 0000:04:00.0
[    0.780004] hub 7-0:1.0: USB hub found
[    0.780012] hub 7-0:1.0: 2 ports detected
[    0.780117] usb usb8: We don't know the algorithms for LPM for this host, disabling LPM.
[    0.780133] usb usb8: New USB device found, idVendor=1d6b, idProduct=0003, bcdDevice= 6.00
[    0.780135] usb usb8: New USB device strings: Mfr=3, Product=2, SerialNumber=1
[    0.780136] usb usb8: Product: xHCI Host Controller
[    0.780137] usb usb8: Manufacturer: Linux 6.0.0-lake xhci-hcd
[    0.780138] usb usb8: SerialNumber: 0000:04:00.0
[    0.780140] scsi host0: ahci
[    0.780251] hub 8-0:1.0: USB hub found
[    0.780259] hub 8-0:1.0: 2 ports detected
[    0.780355] scsi host1: ahci
[    0.780518] scsi host2: ahci
[    0.780648] scsi host3: ahci
[    0.780766] scsi host4: ahci
[    0.780842] scsi host5: ahci
[    0.780871] ata1: SATA max UDMA/133 abar m2048@0xf7c36000 port 0xf7c36100 irq 30
[    0.780873] ata2: DUMMY
[    0.780874] ata3: DUMMY
[    0.780874] ata4: DUMMY
[    0.780875] ata5: DUMMY
[    0.780876] ata6: DUMMY
[    0.781038] nvme nvme0: 8/0/0 default/read/poll queues
[    0.781047] ahci 0000:05:00.0: SSS flag set, parallel bus scan disabled
[    0.781084] ahci 0000:05:00.0: AHCI 0001.0200 32 slots 2 ports 6 Gbps 0x3 impl SATA mode
[    0.781087] ahci 0000:05:00.0: flags: 64bit ncq sntf stag led clo pmp pio slum part ccc sxs 
[    0.782829]  nvme0n1: p1 p2
[    0.790734] scsi host6: ahci
[    0.790910] scsi host7: ahci
[    0.790944] ata7: SATA max UDMA/133 abar m512@0xf7900000 port 0xf7900100 irq 48
[    0.790947] ata8: SATA max UDMA/133 abar m512@0xf7900000 port 0xf7900180 irq 48
[    0.791125] ahci 0000:06:00.0: SSS flag set, parallel bus scan disabled
[    0.791162] ahci 0000:06:00.0: AHCI 0001.0200 32 slots 2 ports 6 Gbps 0x3 impl SATA mode
[    0.791165] ahci 0000:06:00.0: flags: 64bit ncq sntf stag led clo pmp pio slum part ccc sxs 
[    0.791675] scsi host8: ahci
[    0.791796] scsi host9: ahci
[    0.791827] ata9: SATA max UDMA/133 abar m512@0xf7800000 port 0xf7800100 irq 49
[    0.791830] ata10: SATA max UDMA/133 abar m512@0xf7800000 port 0xf7800180 irq 49
[    0.831460] e1000e 0000:00:19.0 0000:00:19.0 (uninitialized): registered PHC clock
[    0.874551] usb 1-1: New USB device found, idVendor=8087, idProduct=0024, bcdDevice= 0.00
[    0.874556] usb 1-1: New USB device strings: Mfr=0, Product=0, SerialNumber=0
[    0.874861] hub 1-1:1.0: USB hub found
[    0.874915] hub 1-1:1.0: 6 ports detected
[    0.883903] usb 2-1: New USB device found, idVendor=8087, idProduct=0024, bcdDevice= 0.00
[    0.883907] usb 2-1: New USB device strings: Mfr=0, Product=0, SerialNumber=0
[    0.884280] hub 2-1:1.0: USB hub found
[    0.884449] hub 2-1:1.0: 8 ports detected
[    0.929745] e1000e 0000:00:19.0 eth0: (PCI Express:2.5GT/s:Width x1) 30:85:a9:99:0b:d5
[    0.929749] e1000e 0000:00:19.0 eth0: Intel(R) PRO/1000 Network Connection
[    0.929792] e1000e 0000:00:19.0 eth0: MAC: 10, PHY: 11, PBA No: FFFFFF-0FF
[    0.951217] usb 3-1: new full-speed USB device number 2 using xhci_hcd
[    1.079539] usb 3-1: New USB device found, idVendor=046d, idProduct=c534, bcdDevice=29.00
[    1.079547] usb 3-1: New USB device strings: Mfr=1, Product=2, SerialNumber=0
[    1.079551] usb 3-1: Product: USB Receiver
[    1.079553] usb 3-1: Manufacturer: Logitech
[    1.085240] usb 7-1: new full-speed USB device number 2 using xhci_hcd
[    1.091221] ata1: SATA link up 6.0 Gbps (SStatus 133 SControl 300)
[    1.092283] ACPI BIOS Error (bug): Could not resolve symbol [\_SB.PCI0.SAT0.SPT0._GTF.DSSP], AE_NOT_FOUND (20220331/psargs-330)

[    1.092292] No Local Variables are initialized for Method [_GTF]

[    1.092294] No Arguments are initialized for method [_GTF]

[    1.092296] ACPI Error: Aborting method \_SB.PCI0.SAT0.SPT0._GTF due to previous error (AE_NOT_FOUND) (20220331/psparse-529)
[    1.092303] ata1.00: ATA-10: CT480BX500SSD1, M6CR041, max UDMA/133
[    1.093407] ata1.00: 937703088 sectors, multi 1: LBA48 NCQ (depth 32), AA
[    1.097475] ata1.00: Features: Dev-Sleep
[    1.098245] ata7: SATA link down (SStatus 0 SControl 300)
[    1.098246] ata9: SATA link down (SStatus 0 SControl 300)
[    1.100236] ACPI BIOS Error (bug): Could not resolve symbol [\_SB.PCI0.SAT0.SPT0._GTF.DSSP], AE_NOT_FOUND (20220331/psargs-330)

[    1.100263] No Local Variables are initialized for Method [_GTF]

[    1.100265] No Arguments are initialized for method [_GTF]

[    1.100267] ACPI Error: Aborting method \_SB.PCI0.SAT0.SPT0._GTF due to previous error (AE_NOT_FOUND) (20220331/psparse-529)
[    1.105379] ata1.00: configured for UDMA/133
[    1.105649] scsi 0:0:0:0: Direct-Access     ATA      CT480BX500SSD1   041  PQ: 0 ANSI: 5
[    1.106055] sd 0:0:0:0: Attached scsi generic sg0 type 0
[    1.106123] sd 0:0:0:0: [sda] 937703088 512-byte logical blocks: (480 GB/447 GiB)
[    1.106141] sd 0:0:0:0: [sda] Write Protect is off
[    1.106144] sd 0:0:0:0: [sda] Mode Sense: 00 3a 00 00
[    1.106168] sd 0:0:0:0: [sda] Write cache: enabled, read cache: enabled, doesn't support DPO or FUA
[    1.106199] sd 0:0:0:0: [sda] Preferred minimum I/O size 512 bytes
[    1.116890]  sda:
[    1.116917] sd 0:0:0:0: [sda] Attached SCSI disk
[    1.149211] usb 1-1.5: new full-speed USB device number 3 using ehci-pci
[    1.194216] usb 3-2: new high-speed USB device number 3 using xhci_hcd
[    1.230175] usb 1-1.5: New USB device found, idVendor=1b1c, idProduct=0c15, bcdDevice= 1.00
[    1.230183] usb 1-1.5: New USB device strings: Mfr=1, Product=2, SerialNumber=3
[    1.230198] usb 1-1.5: Product: H100i Platinum
[    1.230201] usb 1-1.5: Manufacturer: Corsair
[    1.230203] usb 1-1.5: SerialNumber: 7289_2.0
[    1.230338] tsc: Refined TSC clocksource calibration: 3510.308 MHz
[    1.230350] clocksource: tsc: mask: 0xffffffffffffffff max_cycles: 0x32995acda6e, max_idle_ns: 440795302952 ns
[    1.230407] clocksource: Switched to clocksource tsc
[    1.279563] usb 7-1: New USB device found, idVendor=046d, idProduct=c52f, bcdDevice=30.00
[    1.279571] usb 7-1: New USB device strings: Mfr=1, Product=2, SerialNumber=0
[    1.279574] usb 7-1: Product: USB Receiver
[    1.279577] usb 7-1: Manufacturer: Logitech
[    1.290997] hid: raw HID events driver (C) Jiri Kosina
[    1.320626] usb 3-2: New USB device found, idVendor=2357, idProduct=0109, bcdDevice= 2.00
[    1.320635] usb 3-2: New USB device strings: Mfr=1, Product=2, SerialNumber=3
[    1.320638] usb 3-2: Product: 802.11n NIC 
[    1.320640] usb 3-2: Manufacturer: Realtek 
[    1.320642] usb 3-2: SerialNumber: 00e04c000001
[    1.332561] usbcore: registered new interface driver usbhid
[    1.332566] usbhid: USB HID core driver
[    1.418575] ata8: SATA link down (SStatus 0 SControl 300)
[    1.722477] ata10: SATA link down (SStatus 0 SControl 300)
[    1.726912] e1000e 0000:00:19.0 eno1: renamed from eth0
[    1.730799] input: Logitech USB Receiver as /devices/pci0000:00/0000:00:14.0/usb3/3-1/3-1:1.0/0003:046D:C534.0001/input/input2
[    1.782541] hid-generic 0003:046D:C534.0001: input,hidraw0: USB HID v1.11 Keyboard [Logitech USB Receiver] on usb-0000:00:14.0-1/input0
[    1.782945] input: Logitech USB Receiver Mouse as /devices/pci0000:00/0000:00:14.0/usb3/3-1/3-1:1.1/0003:046D:C534.0002/input/input3
[    1.783302] input: Logitech USB Receiver Consumer Control as /devices/pci0000:00/0000:00:14.0/usb3/3-1/3-1:1.1/0003:046D:C534.0002/input/input4
[    1.835361] input: Logitech USB Receiver System Control as /devices/pci0000:00/0000:00:14.0/usb3/3-1/3-1:1.1/0003:046D:C534.0002/input/input5
[    1.835725] hid-generic 0003:046D:C534.0002: input,hiddev0,hidraw1: USB HID v1.11 Mouse [Logitech USB Receiver] on usb-0000:00:14.0-1/input1
[    1.835910] input: Logitech USB Receiver as /devices/pci0000:00/0000:00:1c.4/0000:04:00.0/usb7/7-1/7-1:1.0/0003:046D:C52F.0003/input/input8
[    1.836117] hid-generic 0003:046D:C52F.0003: input,hidraw2: USB HID v1.11 Mouse [Logitech USB Receiver] on usb-0000:04:00.0-1/input0
[    1.836420] input: Logitech USB Receiver Consumer Control as /devices/pci0000:00/0000:00:1c.4/0000:04:00.0/usb7/7-1/7-1:1.1/0003:046D:C52F.0004/input/input9
[    1.888622] hid-generic 0003:046D:C52F.0004: input,hiddev1,hidraw3: USB HID v1.11 Device [Logitech USB Receiver] on usb-0000:04:00.0-1/input1
[    1.915931] logitech-djreceiver 0003:046D:C534.0001: hidraw0: USB HID v1.11 Keyboard [Logitech USB Receiver] on usb-0000:00:14.0-1/input0
[    2.009923] logitech-djreceiver 0003:046D:C534.0002: hiddev0,hidraw1: USB HID v1.11 Mouse [Logitech USB Receiver] on usb-0000:00:14.0-1/input1
[    2.063258] logitech-djreceiver 0003:046D:C534.0002: device of type eQUAD nano Lite (0x0a) connected on slot 1
[    2.063907] input: Logitech Wireless Keyboard PID:4023 Keyboard as /devices/pci0000:00/0000:00:14.0/usb3/3-1/3-1:1.1/0003:046D:C534.0002/0003:046D:4023.0005/input/input12
[    2.065258] logitech-djreceiver 0003:046D:C534.0002: device of type eQUAD nano Lite (0x0a) connected on slot 2
[    2.076583] hid-generic 0003:046D:4023.0005: input,hidraw2: USB HID v1.11 Keyboard [Logitech Wireless Keyboard PID:4023] on usb-0000:00:14.0-1/input1:1
[    2.076728] logitech-djreceiver 0003:046D:C52F.0003: hidraw4: USB HID v1.11 Mouse [Logitech USB Receiver] on usb-0000:04:00.0-1/input0
[    2.077109] input: Logitech Wireless Mouse PID:4022 Mouse as /devices/pci0000:00/0000:00:14.0/usb3/3-1/3-1:1.1/0003:046D:C534.0002/0003:046D:4022.0006/input/input17
[    2.077411] hid-generic 0003:046D:4022.0006: input,hidraw5: USB HID v1.11 Mouse [Logitech Wireless Mouse PID:4022] on usb-0000:00:14.0-1/input1:2
[    2.141954] logitech-djreceiver 0003:046D:C52F.0004: hiddev1,hidraw3: USB HID v1.11 Device [Logitech USB Receiver] on usb-0000:04:00.0-1/input1
[    2.194021] logitech-djreceiver 0003:046D:C52F.0004: device of type eQUAD step 4 DJ (0x04) connected on slot 1
[    2.194866] input: Logitech Wireless Mouse PID:4057 Mouse as /devices/pci0000:00/0000:00:1c.4/0000:04:00.0/usb7/7-1/7-1:1.1/0003:046D:C52F.0004/0003:046D:4057.0007/input/input21
[    2.197705] input: Logitech Wireless Mouse PID:4057 Consumer Control as /devices/pci0000:00/0000:00:1c.4/0000:04:00.0/usb7/7-1/7-1:1.1/0003:046D:C52F.0004/0003:046D:4057.0007/input/input22
[    2.200863] hid-generic 0003:046D:4057.0007: input,hidraw6: USB HID v1.11 Mouse [Logitech Wireless Mouse PID:4057] on usb-0000:04:00.0-1/input1:1
[    4.187314] logitech-hidpp-device 0003:046D:4023.0005: HID++ 2.0 device connected.
[    5.283582] input: Logitech Wireless Keyboard PID:4023 as /devices/pci0000:00/0000:00:14.0/usb3/3-1/3-1:1.1/0003:046D:C534.0002/0003:046D:4023.0005/input/input26
[    5.283726] logitech-hidpp-device 0003:046D:4023.0005: input,hidraw2: USB HID v1.11 Keyboard [Logitech Wireless Keyboard PID:4023] on usb-0000:00:14.0-1/input1:1
[    5.305373] input: Logitech Wireless Mouse PID:4022 as /devices/pci0000:00/0000:00:14.0/usb3/3-1/3-1:1.1/0003:046D:C534.0002/0003:046D:4022.0006/input/input27
[    5.305552] logitech-hidpp-device 0003:046D:4022.0006: input,hidraw5: USB HID v1.11 Mouse [Logitech Wireless Mouse PID:4022] on usb-0000:00:14.0-1/input1:2
[    5.344667] input: Logitech M280/320/275 as /devices/pci0000:00/0000:00:1c.4/0000:04:00.0/usb7/7-1/7-1:1.1/0003:046D:C52F.0004/0003:046D:4057.0007/input/input28
[    5.344853] logitech-hidpp-device 0003:046D:4057.0007: input,hidraw6: USB HID v1.11 Mouse [Logitech M280/320/275] on usb-0000:04:00.0-1/input1:1
[    5.397024] fbcon: Taking over console
[    5.401627] Console: switching to colour frame buffer device 240x67
[    5.421049] EXT4-fs (nvme0n1p2): mounted filesystem with ordered data mode. Quota mode: none.
[    5.486582] systemd[1]: Inserted module 'autofs4'
[    5.533578] systemd[1]: systemd 249.11-0ubuntu3.16 running in system mode (+PAM +AUDIT +SELINUX +APPARMOR +IMA +SMACK +SECCOMP +GCRYPT +GNUTLS +OPENSSL +ACL +BLKID +CURL +ELFUTILS +FIDO2 +IDN2 -IDN +IPTC +KMOD +LIBCRYPTSETUP +LIBFDISK +PCRE2 -PWQUALITY -P11KIT -QRENCODE +BZIP2 +LZ4 +XZ +ZLIB +ZSTD -XKBCOMMON +UTMP +SYSVINIT default-hierarchy=unified)
[    5.533794] systemd[1]: Detected architecture x86-64.
[    5.534126] systemd[1]: Hostname set to <gic-flank>.
[    5.598331] systemd[1]: Configuration file /run/systemd/system/netplan-ovs-cleanup.service is marked world-inaccessible. This has no effect as configuration data is accessible via APIs without restrictions. Proceeding anyway.
[    5.612374] systemd[1]: /lib/systemd/system/snapd.service:23: Unknown key name 'RestartMode' in section 'Service', ignoring.
[    5.631579] systemd[1]: /etc/systemd/system/anydesk.service:9: PIDFile= references a path below legacy directory /var/run/, updating /var/run/anydesk.pid  /run/anydesk.pid; please update the unit file accordingly.
[    5.655325] systemd[1]: Queued start job for default target Graphical Interface.
[    5.686940] systemd[1]: Created slice Virtual Machine and Container Slice.
[    5.687526] systemd[1]: Created slice Slice /system/modprobe.
[    5.687853] systemd[1]: Created slice Slice /system/systemd-fsck.
[    5.688108] systemd[1]: Created slice User and Session Slice.
[    5.688174] systemd[1]: Started Forward Password Requests to Wall Directory Watch.
[    5.688339] systemd[1]: Set up automount Arbitrary Executable File Formats File System Automount Point.
[    5.688397] systemd[1]: Reached target User and Group Name Lookups.
[    5.688409] systemd[1]: Reached target Remote File Systems.
[    5.688419] systemd[1]: Reached target Slice Units.
[    5.688432] systemd[1]: Reached target Mounting snaps.
[    5.688456] systemd[1]: Reached target Local Verity Protected Volumes.
[    5.688470] systemd[1]: Reached target Libvirt guests shutdown.
[    5.688542] systemd[1]: Listening on Device-mapper event daemon FIFOs.
[    5.688642] systemd[1]: Listening on LVM2 poll daemon socket.
[    5.688730] systemd[1]: Listening on Syslog Socket.
[    5.688810] systemd[1]: Listening on fsck to fsckd communication Socket.
[    5.688857] systemd[1]: Listening on initctl Compatibility Named Pipe.
[    5.689028] systemd[1]: Listening on Journal Audit Socket.
[    5.689113] systemd[1]: Listening on Journal Socket (/dev/log).
[    5.689221] systemd[1]: Listening on Journal Socket.
[    5.689339] systemd[1]: Listening on udev Control Socket.
[    5.689419] systemd[1]: Listening on udev Kernel Socket.
[    5.690140] systemd[1]: Mounting Huge Pages File System...
[    5.690881] systemd[1]: Mounting POSIX Message Queue File System...
[    5.691708] systemd[1]: Mounting Kernel Debug File System...
[    5.692457] systemd[1]: Mounting Kernel Trace File System...
[    5.693882] systemd[1]: Starting Journal Service...
[    5.694063] systemd[1]: Finished Availability of block devices.
[    5.694969] systemd[1]: Starting Set the console keyboard layout...
[    5.695794] systemd[1]: Starting Create List of Static Device Nodes...
[    5.696602] systemd[1]: Starting Monitoring of LVM2 mirrors, snapshots etc. using dmeventd or progress polling...
[    5.697613] systemd[1]: Starting Load Kernel Module configfs...
[    5.698807] systemd[1]: Starting Load Kernel Module drm...
[    5.700046] systemd[1]: Starting Load Kernel Module efi_pstore...
[    5.701322] systemd[1]: Starting Load Kernel Module fuse...
[    5.701581] systemd[1]: Condition check resulted in File System Check on Root Device being skipped.
[    5.703262] systemd[1]: Starting Load Kernel Modules...
[    5.704166] pstore: Using crash dump compression: deflate
[    5.704443] systemd[1]: Starting Remount Root and Kernel File Systems...
[    5.705573] systemd[1]: Starting Coldplug All udev Devices...
[    5.707323] systemd[1]: Mounted Huge Pages File System.
[    5.707468] systemd[1]: Mounted POSIX Message Queue File System.
[    5.707598] systemd[1]: Mounted Kernel Debug File System.
[    5.707719] systemd[1]: Mounted Kernel Trace File System.
[    5.708171] systemd[1]: Finished Create List of Static Device Nodes.
[    5.708530] systemd[1]: modprobe@configfs.service: Deactivated successfully.
[    5.708823] systemd[1]: Finished Load Kernel Module configfs.
[    5.709081] systemd[1]: modprobe@drm.service: Deactivated successfully.
[    5.709294] systemd[1]: Finished Load Kernel Module drm.
[    5.709551] systemd[1]: modprobe@fuse.service: Deactivated successfully.
[    5.709806] systemd[1]: Finished Load Kernel Module fuse.
[    5.711141] systemd[1]: Mounting FUSE Control File System...
[    5.712403] systemd[1]: Mounting Kernel Configuration File System...
[    5.713532] lp: driver loaded but no devices found
[    5.715354] systemd[1]: Mounted FUSE Control File System.
[    5.715500] systemd[1]: Mounted Kernel Configuration File System.
[    5.715952] ppdev: user-space parallel port driver
[    5.716721] EXT4-fs (nvme0n1p2): re-mounted. Quota mode: none.
[    5.717687] pstore: Registered efi as persistent store backend
[    5.718155] systemd[1]: Finished Remount Root and Kernel File Systems.
[    5.718951] systemd[1]: modprobe@efi_pstore.service: Deactivated successfully.
[    5.719251] systemd[1]: Finished Load Kernel Module efi_pstore.
[    5.720560] systemd[1]: Activating swap /swapfile...
[    5.720702] systemd[1]: Condition check resulted in Platform Persistent Storage Archival being skipped.
[    5.721949] systemd[1]: Starting Load/Save Random Seed...
[    5.723163] Adding 2097148k swap on /swapfile.  Priority:-2 extents:17 across:974266368k SSFS
[    5.723226] systemd[1]: Starting Create System Users...
[    5.723401] systemd[1]: Activated swap /swapfile.
[    5.723709] systemd[1]: Reached target Swaps.
[    5.725792] systemd[1]: Finished Load Kernel Modules.
[    5.727345] systemd[1]: Starting Apply Kernel Variables...
[    5.730385] systemd[1]: Finished Create System Users.
[    5.731638] systemd[1]: Starting Create Static Device Nodes in /dev...
[    5.734337] systemd[1]: Finished Monitoring of LVM2 mirrors, snapshots etc. using dmeventd or progress polling.
[    5.737465] systemd[1]: Finished Apply Kernel Variables.
[    5.738064] systemd[1]: Finished Load/Save Random Seed.
[    5.738151] systemd[1]: Condition check resulted in First Boot Complete being skipped.
[    5.741761] systemd[1]: Finished Create Static Device Nodes in /dev.
[    5.743095] systemd[1]: Starting Rule-based Manager for Device Events and Files...
[    5.753957] systemd[1]: Finished Set the console keyboard layout.
[    5.754100] systemd[1]: Reached target Preparation for Local File Systems.
[    5.762387] systemd[1]: Mounting Prepare /run/qemu to allow still running qemu binaries of former builds (after package upgrades) to fallback-load modules from there...
[    5.763998] systemd[1]: Mounting Mount unit for bare, revision 5...
[    5.765356] systemd[1]: Mounting Mount unit for core22, revision 1981...
[    5.766429] loop0: detected capacity change from 0 to 8
[    5.766592] systemd[1]: Mounting Mount unit for core22, revision 2010...
[    5.767355] loop1: detected capacity change from 0 to 151320
[    5.767870] systemd[1]: Mounting Mount unit for firefox, revision 6259...
[    5.768822] loop2: detected capacity change from 0 to 151352
[    5.769272] systemd[1]: Mounting Mount unit for firefox, revision 6316...
[    5.769816] loop3: detected capacity change from 0 to 502752
[    5.770717] systemd[1]: Mounting Mount unit for gnome-42-2204, revision 176...
[    5.771609] loop4: detected capacity change from 0 to 502776
[    5.772148] systemd[1]: Mounting Mount unit for gnome-42-2204, revision 202...
[    5.772735] loop5: detected capacity change from 0 to 1034424
[    5.773540] systemd[1]: Mounting Mount unit for gtk-common-themes, revision 1535...
[    5.774574] loop6: detected capacity change from 0 to 1056784
[    5.774735] systemd[1]: Mounting Mount unit for snap-store, revision 1113...
[    5.775899] loop7: detected capacity change from 0 to 187776
[    5.776127] systemd[1]: Mounting Mount unit for snap-store, revision 1216...
[    5.777267] loop8: detected capacity change from 0 to 26472
[    5.777588] systemd[1]: Mounting Mount unit for snapd, revision 24505...
[    5.778295] loop9: detected capacity change from 0 to 24984
[    5.778773] systemd[1]: Mounting Mount unit for snapd, revision 24718...
[    5.779735] loop10: detected capacity change from 0 to 104232
[    5.780368] systemd[1]: Mounting Mount unit for snapd-desktop-integration, revision 178...
[    5.781288] loop11: detected capacity change from 0 to 104240
[    5.781656] systemd[1]: Mounting Mount unit for snapd-desktop-integration, revision 253...
[    5.781718] systemd[1]: Condition check resulted in Virtual Machine and Container Storage (Compatibility) being skipped.
[    5.781784] systemd[1]: Reached target Containers.
[    5.782292] loop12: detected capacity change from 0 to 1000
[    5.783825] loop13: detected capacity change from 0 to 1136
[    5.787083] systemd[1]: Started Journal Service.
[    5.796650] systemd-journald[363]: Received client request to flush runtime journal.
[    5.913923] EDAC ie31200: No ECC support
[    5.964306] nvidia: loading out-of-tree module taints kernel.
[    5.964321] nvidia: module license 'NVIDIA' taints kernel.
[    5.964323] Disabling lock debugging due to kernel taint
[    5.980116] nvidia: module verification failed: signature and/or required key missing - tainting kernel
[    6.088648] cfg80211: Loading compiled-in X.509 certificates for regulatory database
[    6.089173] cfg80211: Loaded X.509 cert 'sforshee: 00b28ddf47aef9cea7'
[    6.090715] cfg80211: loaded regulatory.db is malformed or signature is missing/invalid
[    6.092465] at24 1-0051: supply vcc not found, using dummy regulator
[    6.093059] at24 1-0051: 256 byte spd EEPROM, read-only
[    6.093879] at24 1-0053: supply vcc not found, using dummy regulator
[    6.095416] at24 1-0053: 256 byte spd EEPROM, read-only
[    6.099544] nvidia-nvlink: Nvlink Core is being initialized, major device number 511

[    6.100833] nvidia 0000:01:00.0: enabling device (0000 -> 0003)
[    6.100930] nvidia 0000:01:00.0: vgaarb: changed VGA decodes: olddecodes=io+mem,decodes=none:owns=none
[    6.103979] RAPL PMU: API unit is 2^-32 Joules, 3 fixed counters, 163840 ms ovfl timer
[    6.103984] RAPL PMU: hw unit of domain pp0-core 2^-16 Joules
[    6.103986] RAPL PMU: hw unit of domain package 2^-16 Joules
[    6.103987] RAPL PMU: hw unit of domain pp1-gpu 2^-16 Joules
[    6.113660] asus_wmi: ASUS WMI generic driver loaded
[    6.123094] cryptd: max_cpu_qlen set to 1000
[    6.143139] asus_wmi: Initialization: 0x0
[    6.143383] asus_wmi: BIOS WMI version: 0.9
[    6.143479] asus_wmi: SFUN value: 0x0
[    6.143482] eeepc-wmi eeepc-wmi: Detected ASUSWMI, use DCTS
[    6.145154] input: Eee PC WMI hotkeys as /devices/platform/eeepc-wmi/input/input29
[    6.146159] asus_wmi: fan_curve_get_factory_default (0x00110024) failed: -61
[    6.146498] asus_wmi: fan_curve_get_factory_default (0x00110025) failed: -61
[    6.148640] NVRM: loading NVIDIA UNIX x86_64 Kernel Module  515.76  Mon Sep 12 19:21:56 UTC 2022
[    6.155490] AVX version of gcm_enc/dec engaged.
[    6.155525] AES CTR mode by8 optimization enabled
[    6.184562] nvidia-modeset: Loading NVIDIA Kernel Mode Setting Driver for UNIX platforms  515.76  Mon Sep 12 19:11:54 UTC 2022
[    6.192217] audit: type=1400 audit(1750799955.176:2): apparmor="STATUS" operation="profile_load" profile="unconfined" name="swtpm" pid=593 comm="apparmor_parser"
[    6.194937] audit: type=1400 audit(1750799955.179:3): apparmor="STATUS" operation="profile_load" profile="unconfined" name="lsb_release" pid=583 comm="apparmor_parser"
[    6.195976] audit: type=1400 audit(1750799955.180:4): apparmor="STATUS" operation="profile_load" profile="unconfined" name="ubuntu_pro_apt_news" pid=589 comm="apparmor_parser"
[    6.201700] audit: type=1400 audit(1750799955.183:5): apparmor="STATUS" operation="profile_load" profile="unconfined" name="nvidia_modprobe" pid=586 comm="apparmor_parser"
[    6.201709] audit: type=1400 audit(1750799955.183:6): apparmor="STATUS" operation="profile_load" profile="unconfined" name="nvidia_modprobe//kmod" pid=586 comm="apparmor_parser"
[    6.201713] audit: type=1400 audit(1750799955.185:7): apparmor="STATUS" operation="profile_load" profile="unconfined" name="/usr/bin/man" pid=592 comm="apparmor_parser"
[    6.201717] audit: type=1400 audit(1750799955.185:8): apparmor="STATUS" operation="profile_load" profile="unconfined" name="man_filter" pid=592 comm="apparmor_parser"
[    6.201721] audit: type=1400 audit(1750799955.185:9): apparmor="STATUS" operation="profile_load" profile="unconfined" name="man_groff" pid=592 comm="apparmor_parser"
[    6.201724] audit: type=1400 audit(1750799955.185:10): apparmor="STATUS" operation="profile_load" profile="unconfined" name="/usr/lib/NetworkManager/nm-dhcp-client.action" pid=587 comm="apparmor_parser"
[    6.201728] audit: type=1400 audit(1750799955.185:11): apparmor="STATUS" operation="profile_load" profile="unconfined" name="/usr/lib/NetworkManager/nm-dhcp-helper" pid=587 comm="apparmor_parser"
[    6.272257] usb 3-2: Vendor: Realtek 
[    6.272261] usb 3-2: Product: 802.11n NIC 
[    6.272262] usb 3-2: Serial not available.
[    6.272263] usb 3-2: rtl8192eu_parse_efuse: dumping efuse (0x200 bytes):
[    6.272264] usb 3-2: 00: 29 81 00 7c 01 40 03 00
[    6.272266] usb 3-2: 08: 40 74 04 50 14 00 00 00
[    6.272267] usb 3-2: 10: 28 29 2a 2b 2b 2b 2b 2c
[    6.272268] usb 3-2: 18: 2c 2d 2d f2 ef ef ff ff
[    6.272269] usb 3-2: 20: ff ff ff ff ff ff ff ff
[    6.272270] usb 3-2: 28: ff ff ff ff ff ff ff ff
[    6.272271] usb 3-2: 30: ff ff ff ff ff ff ff ff
[    6.272271] usb 3-2: 38: ff ff 2a 2a 2a 2b 2b 2b
[    6.272272] usb 3-2: 40: 2c 2c 2c 2c 2c f2 ef ef
[    6.272273] usb 3-2: 48: ff ff ff ff ff ff ff ff
[    6.272274] usb 3-2: 50: ff ff ff ff ff ff ff ff
[    6.272275] usb 3-2: 58: ff ff ff ff ff ff ff ff
[    6.272276] usb 3-2: 60: ff ff ff ff ff ff ff ff
[    6.272277] usb 3-2: 68: ff ff ff ff ff ff ff ff
[    6.272278] usb 3-2: 70: ff ff ff ff ff ff ff ff
[    6.272279] usb 3-2: 78: ff ff ff ff ff ff ff ff
[    6.272279] usb 3-2: 80: ff ff ff ff ff ff ff ff
[    6.272280] usb 3-2: 88: ff ff ff ff ff ff ff ff
[    6.272281] usb 3-2: 90: ff ff ff ff ff ff ff ff
[    6.272282] usb 3-2: 98: ff ff ff ff ff ff ff ff
[    6.272283] usb 3-2: a0: ff ff ff ff ff ff ff ff
[    6.272284] usb 3-2: a8: ff ff ff ff ff ff ff ff
[    6.272285] usb 3-2: b0: ff ff ff ff ff ff ff ff
[    6.272286] usb 3-2: b8: a2 1f 21 00 00 00 ff ff
[    6.272287] usb 3-2: c0: ff 01 00 10 00 00 00 ff
[    6.272287] usb 3-2: c8: 00 00 ff ff ff ff ff ff
[    6.272288] usb 3-2: d0: 57 23 09 01 e7 47 02 98
[    6.272289] usb 3-2: d8: 25 4a d4 c0 7a 0a 03 52
[    6.272290] usb 3-2: e0: 65 61 6c 74 65 6b 20 0e
[    6.272291] usb 3-2: e8: 03 38 30 32 2e 31 31 6e
[    6.272292] usb 3-2: f0: 20 4e 49 43 20 00 00 ff
[    6.272293] usb 3-2: f8: ff ff ff ff ff ff ff ff
[    6.272294] usb 3-2: 100: ff ff ff ff ff ff ff ff
[    6.272295] usb 3-2: 108: ff ff ff ff ff ff ff ff
[    6.272295] usb 3-2: 110: ff ff ff ff ff ff ff 0d
[    6.272296] usb 3-2: 118: 03 00 05 00 30 00 00 00
[    6.272297] usb 3-2: 120: 00 93 ff ff ff ff ff ff
[    6.272298] usb 3-2: 128: ff ff ff ff ff ff ff ff
[    6.272299] usb 3-2: 130: f6 a8 98 2d 03 92 98 00
[    6.272300] usb 3-2: 138: fc 8c 00 11 9b 44 02 0a
[    6.272301] usb 3-2: 140: ff ff ff ff ff ff ff ff
[    6.272302] usb 3-2: 148: ff ff ff ff ff ff ff ff
[    6.272302] usb 3-2: 150: ff ff ff ff ff ff ff ff
[    6.272303] usb 3-2: 158: ff ff ff ff ff ff ff ff
[    6.272304] usb 3-2: 160: ff ff ff ff ff ff ff ff
[    6.272305] usb 3-2: 168: ff ff ff ff ff ff ff ff
[    6.272306] usb 3-2: 170: ff ff ff ff ff ff ff ff
[    6.272307] usb 3-2: 178: ff ff ff ff ff ff ff ff
[    6.272308] usb 3-2: 180: ff ff ff ff ff ff ff ff
[    6.272309] usb 3-2: 188: ff ff ff ff ff ff ff ff
[    6.272310] usb 3-2: 190: ff ff ff ff ff ff ff ff
[    6.272310] usb 3-2: 198: ff ff ff ff ff ff ff ff
[    6.272311] usb 3-2: 1a0: ff ff ff ff ff ff ff ff
[    6.272312] usb 3-2: 1a8: ff ff ff ff ff ff ff ff
[    6.272313] usb 3-2: 1b0: ff ff ff ff ff ff ff ff
[    6.272314] usb 3-2: 1b8: ff ff ff ff ff ff ff ff
[    6.272315] usb 3-2: 1c0: ff ff ff ff ff ff ff ff
[    6.272316] usb 3-2: 1c8: ff ff ff ff ff ff ff ff
[    6.272317] usb 3-2: 1d0: ff ff ff ff ff ff ff ff
[    6.272318] usb 3-2: 1d8: ff ff ff ff ff ff ff ff
[    6.272318] usb 3-2: 1e0: ff ff ff ff ff ff ff ff
[    6.272319] usb 3-2: 1e8: ff ff ff ff ff ff ff ff
[    6.272320] usb 3-2: 1f0: ff ff ff ff ff ff ff ff
[    6.272321] usb 3-2: 1f8: ff ff ff ff ff ff ff ff
[    6.272322] usb 3-2: RTL8192EU rev B (SMIC) 2T2R, TX queues 3, WiFi=1, BT=0, GPS=0, HI PA=0
[    6.272324] usb 3-2: RTL8192EU MAC: 98:25:4a:d4:c0:7a
[    6.272326] usb 3-2: rtl8xxxu: Loading firmware rtlwifi/rtl8192eu_nic.bin
[    6.272763] usb 3-2: Firmware revision 19.0 (signature 0x92e1)
[    6.274386] do the RAM reset
[    6.417305] [drm] [nvidia-drm] [GPU ID 0x00000100] Loading driver
[    6.417310] [drm] Initialized nvidia-drm 0.0.0 20160202 for 0000:01:00.0 on minor 1
[    6.420522] Console: switching to colour dummy device 80x25
[    6.436327] i915 0000:00:02.0: vgaarb: deactivate vga console
[    6.459630] snd_hda_intel 0000:00:1b.0: enabling device (0000 -> 0002)
[    6.459864] snd_hda_intel 0000:01:00.1: enabling device (0000 -> 0002)
[    6.459912] snd_hda_intel 0000:01:00.1: Disabling MSI
[    6.459918] snd_hda_intel 0000:01:00.1: Handle vga_switcheroo audio client
[    6.463121] intel_rapl_common: Found RAPL domain package
[    6.463126] intel_rapl_common: Found RAPL domain core
[    6.463127] intel_rapl_common: Found RAPL domain uncore
[    6.463134] intel_rapl_common: RAPL package-0 domain package locked by BIOS
[    6.468346] [drm] Initialized i915 1.6.0 20201103 for 0000:00:02.0 on minor 2
[    6.469289] ACPI: video: Video Device [GFX0] (multi-head: yes  rom: no  post: no)
[    6.469422] input: Video Bus as /devices/LNXSYSTM:00/LNXSYBUS:00/PNP0A08:00/LNXVIDEO:00/input/input30
[    6.469554] snd_hda_intel 0000:00:1b.0: bound 0000:00:02.0 (ops i915_audio_component_bind_ops [i915])
[    6.543129] snd_hda_codec_realtek hdaudioC0D0: autoconfig for ALC892: line_outs=4 (0x14/0x15/0x16/0x17/0x0) type:line
[    6.543136] snd_hda_codec_realtek hdaudioC0D0:    speaker_outs=0 (0x0/0x0/0x0/0x0/0x0)
[    6.543139] snd_hda_codec_realtek hdaudioC0D0:    hp_outs=1 (0x1b/0x0/0x0/0x0/0x0)
[    6.543141] snd_hda_codec_realtek hdaudioC0D0:    mono: mono_out=0x0
[    6.543142] snd_hda_codec_realtek hdaudioC0D0:    dig-out=0x11/0x1e
[    6.543144] snd_hda_codec_realtek hdaudioC0D0:    inputs:
[    6.543146] snd_hda_codec_realtek hdaudioC0D0:      Front Mic=0x19
[    6.543148] snd_hda_codec_realtek hdaudioC0D0:      Rear Mic=0x18
[    6.543150] snd_hda_codec_realtek hdaudioC0D0:      Line=0x1a
[    6.658144] fbcon: i915drmfb (fb0) is primary device
[    6.658205] Console: switching to colour frame buffer device 240x67
[    6.658216] i915 0000:00:02.0: [drm] fb0: i915drmfb frame buffer device
[    6.669829] input: HDA NVidia HDMI/DP,pcm=3 as /devices/pci0000:00/0000:00:01.0/0000:01:00.1/sound/card1/input31
[    6.669920] input: HDA NVidia HDMI/DP,pcm=7 as /devices/pci0000:00/0000:00:01.0/0000:01:00.1/sound/card1/input32
[    6.670000] input: HDA NVidia HDMI/DP,pcm=8 as /devices/pci0000:00/0000:00:01.0/0000:01:00.1/sound/card1/input33
[    6.670078] input: HDA NVidia HDMI/DP,pcm=9 as /devices/pci0000:00/0000:00:01.0/0000:01:00.1/sound/card1/input34
[    6.670158] input: HDA NVidia HDMI/DP,pcm=10 as /devices/pci0000:00/0000:00:01.0/0000:01:00.1/sound/card1/input35
[    6.670254] input: HDA NVidia HDMI/DP,pcm=11 as /devices/pci0000:00/0000:00:01.0/0000:01:00.1/sound/card1/input36
[    6.670334] input: HDA NVidia HDMI/DP,pcm=12 as /devices/pci0000:00/0000:00:01.0/0000:01:00.1/sound/card1/input37
[    6.693171] input: HDA Intel PCH Front Mic as /devices/pci0000:00/0000:00:1b.0/sound/card0/input38
[    6.693294] input: HDA Intel PCH Rear Mic as /devices/pci0000:00/0000:00:1b.0/sound/card0/input39
[    6.693358] input: HDA Intel PCH Line as /devices/pci0000:00/0000:00:1b.0/sound/card0/input40
[    6.693417] input: HDA Intel PCH Line Out Front as /devices/pci0000:00/0000:00:1b.0/sound/card0/input41
[    6.693476] input: HDA Intel PCH Line Out Surround as /devices/pci0000:00/0000:00:1b.0/sound/card0/input42
[    6.693533] input: HDA Intel PCH Line Out CLFE as /devices/pci0000:00/0000:00:1b.0/sound/card0/input43
[    6.693608] input: HDA Intel PCH Line Out Side as /devices/pci0000:00/0000:00:1b.0/sound/card0/input44
[    6.693678] input: HDA Intel PCH Front Headphone as /devices/pci0000:00/0000:00:1b.0/sound/card0/input45
[    6.693738] input: HDA Intel PCH HDMI/DP,pcm=3 as /devices/pci0000:00/0000:00:1b.0/sound/card0/input46
[    6.693797] input: HDA Intel PCH HDMI/DP,pcm=7 as /devices/pci0000:00/0000:00:1b.0/sound/card0/input47
[    7.150931] usbcore: registered new interface driver rtl8xxxu
[    7.155097] rtl8xxxu 3-2:1.0 wlx98254ad4c07a: renamed from wlan0
[    7.167767] bridge: filtering via arp/ip/ip6tables is no longer available by default. Update your scripts to load br_netfilter if you need this.
[    7.662829] loop14: detected capacity change from 0 to 8
[   11.529718] e1000e 0000:00:19.0 eno1: NIC Link is Up 1000 Mbps Full Duplex, Flow Control: None
[   11.529772] IPv6: ADDRCONF(NETDEV_CHANGE): eno1: link becomes ready
[   13.602627] capability: warning: `zerotier-one' uses 32-bit capabilities (legacy support in use)
[   14.959680] rfkill: input handler disabled
[   17.100243] wlx98254ad4c07a: authenticate with 6e:49:92:1d:c8:10
[   17.109275] wlx98254ad4c07a: bad VHT capabilities, disabling VHT
[   17.113542] wlx98254ad4c07a: send auth to 6e:49:92:1d:c8:10 (try 1/3)
[   17.317249] wlx98254ad4c07a: send auth to 6e:49:92:1d:c8:10 (try 2/3)
[   17.525249] wlx98254ad4c07a: send auth to 6e:49:92:1d:c8:10 (try 3/3)
[   17.733223] wlx98254ad4c07a: authentication with 6e:49:92:1d:c8:10 timed out
[   23.390555] kauditd_printk_skb: 53 callbacks suppressed
[   23.390559] audit: type=1400 audit(1750799972.375:65): apparmor="DENIED" operation="capable" profile="/snap/snapd/24718/usr/lib/snapd/snap-confine" pid=1883 comm="snap-confine" capability=12  capname="net_admin"
[   23.390573] audit: type=1400 audit(1750799972.375:66): apparmor="DENIED" operation="capable" profile="/snap/snapd/24718/usr/lib/snapd/snap-confine" pid=1883 comm="snap-confine" capability=38  capname="perfmon"
[   23.394906] audit: type=1400 audit(1750799972.379:67): apparmor="DENIED" operation="open" profile="snap-update-ns.snapd-desktop-integration" name="/proc/1981/maps" pid=1981 comm="5" requested_mask="r" denied_mask="r" fsuid=1000 ouid=0
[   25.020068] wlx98254ad4c07a: authenticate with 6e:49:92:1d:c8:10
[   25.026232] wlx98254ad4c07a: bad VHT capabilities, disabling VHT
[   25.030656] wlx98254ad4c07a: send auth to 6e:49:92:1d:c8:10 (try 1/3)
[   25.237257] wlx98254ad4c07a: send auth to 6e:49:92:1d:c8:10 (try 2/3)
[   25.445225] wlx98254ad4c07a: send auth to 6e:49:92:1d:c8:10 (try 3/3)
[   25.653207] wlx98254ad4c07a: authentication with 6e:49:92:1d:c8:10 timed out
[   26.133521] rfkill: input handler enabled
[   27.687894] audit: type=1400 audit(1750799976.672:68): apparmor="DENIED" operation="capable" profile="/snap/snapd/24718/usr/lib/snapd/snap-confine" pid=2196 comm="snap-confine" capability=12  capname="net_admin"
[   27.687910] audit: type=1400 audit(1750799976.672:69): apparmor="DENIED" operation="capable" profile="/snap/snapd/24718/usr/lib/snapd/snap-confine" pid=2196 comm="snap-confine" capability=38  capname="perfmon"
[   27.691835] audit: type=1400 audit(1750799976.676:70): apparmor="DENIED" operation="open" profile="snap-update-ns.snapd-desktop-integration" name="/proc/2223/maps" pid=2223 comm="5" requested_mask="r" denied_mask="r" fsuid=1000 ouid=0
[   28.769023] audit: type=1326 audit(1750799977.753:71): auid=1000 uid=1000 gid=1000 ses=3 subj=snap.snapd-desktop-integration.snapd-desktop-integration pid=2256 comm="snapd-desktop-i" exe="/snap/snapd-desktop-integration/253/usr/bin/snapd-desktop-integration" sig=0 arch=c000003e syscall=203 compat=0 ip=0x7ac75d32a531 code=0x50000
[   28.769032] audit: type=1326 audit(1750799977.753:72): auid=1000 uid=1000 gid=1000 ses=3 subj=snap.snapd-desktop-integration.snapd-desktop-integration pid=2256 comm="snapd-desktop-i" exe="/snap/snapd-desktop-integration/253/usr/bin/snapd-desktop-integration" sig=0 arch=c000003e syscall=141 compat=0 ip=0x7ac75d3a978b code=0x50000
[   29.235241] audit: type=1326 audit(1750799978.220:73): auid=1000 uid=1000 gid=1000 ses=3 subj=snap.snapd-desktop-integration.snapd-desktop-integration pid=2256 comm="snapd-desktop-i" exe="/snap/snapd-desktop-integration/253/usr/bin/snapd-desktop-integration" sig=0 arch=c000003e syscall=203 compat=0 ip=0x7ac75d32a531 code=0x50000
[   29.235249] audit: type=1326 audit(1750799978.220:74): auid=1000 uid=1000 gid=1000 ses=3 subj=snap.snapd-desktop-integration.snapd-desktop-integration pid=2256 comm="snapd-desktop-i" exe="/snap/snapd-desktop-integration/253/usr/bin/snapd-desktop-integration" sig=0 arch=c000003e syscall=141 compat=0 ip=0x7ac75d3a978b code=0x50000
[   32.196701] rfkill: input handler disabled
[   32.311644] audit: type=1400 audit(1750799981.296:75): apparmor="DENIED" operation="capable" profile="/snap/snapd/24718/usr/lib/snapd/snap-confine" pid=2728 comm="snap-confine" capability=4  capname="fsetid"
[   32.612668] audit: type=1400 audit(1750799981.597:76): apparmor="DENIED" operation="open" profile="snap-update-ns.snap-store" name="/proc/2860/maps" pid=2860 comm="5" requested_mask="r" denied_mask="r" fsuid=1000 ouid=0
[   33.356644] wlx98254ad4c07a: authenticate with 6e:49:92:1d:c8:10
[   33.367204] wlx98254ad4c07a: bad VHT capabilities, disabling VHT
[   33.371067] wlx98254ad4c07a: send auth to 6e:49:92:1d:c8:10 (try 1/3)
[   33.573244] wlx98254ad4c07a: send auth to 6e:49:92:1d:c8:10 (try 2/3)
[   33.781212] wlx98254ad4c07a: send auth to 6e:49:92:1d:c8:10 (try 3/3)
[   33.989229] wlx98254ad4c07a: authentication with 6e:49:92:1d:c8:10 timed out
[   34.931274] audit: type=1400 audit(1750799983.916:77): apparmor="DENIED" operation="open" profile="snap.snap-store.ubuntu-software" name="/etc/appstream.conf" pid=2728 comm="snap-store" requested_mask="r" denied_mask="r" fsuid=1000 ouid=0
[   36.106686] wlx98254ad4c07a: authenticate with 6e:49:92:1d:c8:10
[   36.119220] wlx98254ad4c07a: bad VHT capabilities, disabling VHT
[   36.123127] wlx98254ad4c07a: send auth to 6e:49:92:1d:c8:10 (try 1/3)
[   36.325211] wlx98254ad4c07a: send auth to 6e:49:92:1d:c8:10 (try 2/3)
[   36.533207] wlx98254ad4c07a: send auth to 6e:49:92:1d:c8:10 (try 3/3)
[   36.742211] wlx98254ad4c07a: authentication with 6e:49:92:1d:c8:10 timed out
[   42.926574] wlx98254ad4c07a: authenticate with 6e:49:92:1d:d3:d0
[   42.936062] wlx98254ad4c07a: bad VHT capabilities, disabling VHT
[   42.939925] wlx98254ad4c07a: send auth to 6e:49:92:1d:d3:d0 (try 1/3)
[   43.147676] wlx98254ad4c07a: send auth to 6e:49:92:1d:d3:d0 (try 2/3)
[   43.357171] wlx98254ad4c07a: send auth to 6e:49:92:1d:d3:d0 (try 3/3)
[   43.566665] wlx98254ad4c07a: authentication with 6e:49:92:1d:d3:d0 timed out
[   55.706559] logitech-hidpp-device 0003:046D:4057.0007: HID++ 4.5 device connected.
[   65.887674] wlx98254ad4c07a: authenticate with 6e:49:92:1d:c8:10
[   65.897096] wlx98254ad4c07a: bad VHT capabilities, disabling VHT
[   65.900977] wlx98254ad4c07a: send auth to 6e:49:92:1d:c8:10 (try 1/3)
[   66.102292] wlx98254ad4c07a: send auth to 6e:49:92:1d:c8:10 (try 2/3)
[   66.305240] wlx98254ad4c07a: send auth to 6e:49:92:1d:c8:10 (try 3/3)
[   66.512038] wlx98254ad4c07a: authentication with 6e:49:92:1d:c8:10 timed out
[   69.229154] wlx98254ad4c07a: authenticate with 6e:49:92:1d:c8:10
[   69.238086] wlx98254ad4c07a: bad VHT capabilities, disabling VHT
[   69.242135] wlx98254ad4c07a: send auth to 6e:49:92:1d:c8:10 (try 1/3)
[   69.451135] wlx98254ad4c07a: send auth to 6e:49:92:1d:c8:10 (try 2/3)
[   69.658159] wlx98254ad4c07a: send auth to 6e:49:92:1d:c8:10 (try 3/3)
[   69.866199] wlx98254ad4c07a: authentication with 6e:49:92:1d:c8:10 timed out
[   75.298075] [kava-shm] Registered shared memory device with major number 153
[   75.298163] [kava-shm] Create shared memory device
[   75.309745] [kava-shm] Allocate shared DMA memory region pa = 0x9ca00000, va = 0xffff973c1ca00000
[   75.323553] [lake] Registered CUDA kapi
[   75.342878] Setting worker PID to 2084573883
[   75.342914] [kava] Map shared memory length = 0x5000000, offset = 0x0
[   75.342919] x86/PAT: lake_uspace:4795 map pfn RAM range req uncached-minus for [mem 0x9ca00000-0xa19fffff], got write-back
[   79.977884] wlx98254ad4c07a: authenticate with 6e:49:92:1d:d3:d0
[   79.984433] wlx98254ad4c07a: bad VHT capabilities, disabling VHT
[   79.988645] wlx98254ad4c07a: send auth to 6e:49:92:1d:d3:d0 (try 1/3)
[   80.195420] wlx98254ad4c07a: send auth to 6e:49:92:1d:d3:d0 (try 2/3)
[   80.403430] wlx98254ad4c07a: send auth to 6e:49:92:1d:d3:d0 (try 3/3)
[   80.611440] wlx98254ad4c07a: authentication with 6e:49:92:1d:d3:d0 timed out
[   95.220971] wlx98254ad4c07a: authenticate with 6e:49:92:1d:c8:10
[   95.228824] wlx98254ad4c07a: bad VHT capabilities, disabling VHT
[   95.233184] wlx98254ad4c07a: send auth to 6e:49:92:1d:c8:10 (try 1/3)
[   95.434803] wlx98254ad4c07a: send auth to 6e:49:92:1d:c8:10 (try 2/3)
[   95.642785] wlx98254ad4c07a: send auth to 6e:49:92:1d:c8:10 (try 3/3)
[   95.850799] wlx98254ad4c07a: authentication with 6e:49:92:1d:c8:10 timed out
[  112.033240] wlx98254ad4c07a: authenticate with 6e:49:92:1d:c8:10
[  112.043133] wlx98254ad4c07a: bad VHT capabilities, disabling VHT
[  112.047305] wlx98254ad4c07a: send auth to 6e:49:92:1d:c8:10 (try 1/3)
[  112.250154] wlx98254ad4c07a: send auth to 6e:49:92:1d:c8:10 (try 2/3)
[  112.458138] wlx98254ad4c07a: send auth to 6e:49:92:1d:c8:10 (try 3/3)
[  112.666126] wlx98254ad4c07a: authentication with 6e:49:92:1d:c8:10 timed out
[  163.165973] nvidia_uvm: module uses symbols nvUvmInterfaceDisableAccessCntr from proprietary module nvidia, inheriting taint.
[  163.191770] nvidia-uvm: Loaded the UVM driver, major device number 509.
[  172.790643] Loading cubin from: /home/gic/Documents/Flank/LAKE/src/matmul/knncuda.cubin
[  172.799954] Matrix m1:
[  172.799958] 1 
[  172.799960] 1 
[  172.799962] 1 
[  172.799963] 0 
[  172.799964] 1 

[  172.799966] 0 
[  172.799967] 0 
[  172.799968] 1 
[  172.799969] 0 
[  172.799970] 0 

[  172.799972] 1 
[  172.799973] 1 
[  172.799974] 0 
[  172.799975] 0 
[  172.799976] 1 

[  172.799978] 0 
[  172.799979] 0 
[  172.799980] 1 
[  172.799981] 1 
[  172.799982] 0 

[  172.799984] 0 
[  172.799985] 1 
[  172.799986] 0 
[  172.799987] 0 
[  172.799988] 0 



[  172.799992] Matrix m2:
[  172.799993] 1 
[  172.799994] 1 
[  172.799995] 0 
[  172.799996] 0 
[  172.799997] 0 

[  172.799999] 1 
[  172.800000] 1 
[  172.800001] 0 
[  172.800002] 1 
[  172.800003] 1 

[  172.800005] 0 
[  172.800006] 1 
[  172.800007] 0 
[  172.800008] 0 
[  172.800009] 1 

[  172.800011] 0 
[  172.800011] 0 
[  172.800013] 1 
[  172.800014] 0 
[  172.800015] 0 

[  172.800017] 1 
[  172.800018] 1 
[  172.800019] 1 
[  172.800020] 0 
[  172.800021] 1 


[  172.800522] ######################## INITIALIZING TEST FOR DIMENSION = 100 ########################
[  172.800840] cuMemAlloc m1_dev: 0
[  172.800939] cuMemAlloc m2_dev: 0
[  172.801007] cuMemAlloc mat_result_dev: 0
[  172.801290] cuMemcpyHtoD m1_dev: 0
[  172.801352] cuMemcpyHtoD m2_dev: 0
[  172.801370] cuLaunchKernel: 0
[  172.801372] mat_result_dev: 0000000008d4aa58, mat_result: 00000000c327a595, size: 40000
[  172.802484] cuMemcpyDtoH mat_result: 0
[  172.802573] cuCtxSynchronize: 0

[  172.802901] Printing first 5 rows and cols:
[  172.802904] 34 
[  172.802905] 35 
[  172.802905] 31 
[  172.802906] 29 
[  172.802906] 32 

[  172.802908] 31 
[  172.802908] 30 
[  172.802909] 29 
[  172.802909] 26 
[  172.802910] 30 

